Archive member included to satisfy reference by file (symbol)

../Middlewares/ST/AI/Lib/NetworkRuntime910_CM7_GCC.a(ai_platform.o)
                              ./X-CUBE-AI/App/network.o (ai_buffer_array_item_set_address)
../Middlewares/ST/AI/Lib/NetworkRuntime910_CM7_GCC.a(ai_platform_interface.o)
                              ./X-CUBE-AI/App/network.o (ai_platform_get_weights_map)
../Middlewares/ST/AI/Lib/NetworkRuntime910_CM7_GCC.a(core_common.o)
                              ../Middlewares/ST/AI/Lib/NetworkRuntime910_CM7_GCC.a(ai_platform_interface.o) (core_init)
../Middlewares/ST/AI/Lib/NetworkRuntime910_CM7_GCC.a(core_mem_manager.o)
                              ../Middlewares/ST/AI/Lib/NetworkRuntime910_CM7_GCC.a(ai_platform_interface.o) (core_mem_alloc)
../Middlewares/ST/AI/Lib/NetworkRuntime910_CM7_GCC.a(layers.o)
                              ../Middlewares/ST/AI/Lib/NetworkRuntime910_CM7_GCC.a(ai_platform_interface.o) (ai_check_custom_types)
../Middlewares/ST/AI/Lib/NetworkRuntime910_CM7_GCC.a(layers_conv2d_generic_float.o)
                              ./X-CUBE-AI/App/network.o (forward_dense)
../Middlewares/ST/AI/Lib/NetworkRuntime910_CM7_GCC.a(layers_nl_generic_float.o)
                              ./X-CUBE-AI/App/network.o (forward_relu)
../Middlewares/ST/AI/Lib/NetworkRuntime910_CM7_GCC.a(layers_conv2d_integer_scratch.o)
                              ../Middlewares/ST/AI/Lib/NetworkRuntime910_CM7_GCC.a(layers.o) (get_conv2d_scratch_size)
../Middlewares/ST/AI/Lib/NetworkRuntime910_CM7_GCC.a(forward_lite_conv2d_if32of32wf32.o)
                              ../Middlewares/ST/AI/Lib/NetworkRuntime910_CM7_GCC.a(layers_conv2d_generic_float.o) (forward_lite_conv2d_if32of32wf32)
../Middlewares/ST/AI/Lib/NetworkRuntime910_CM7_GCC.a(lite_nl_softmax_if32of32.o)
                              ../Middlewares/ST/AI/Lib/NetworkRuntime910_CM7_GCC.a(layers_nl_generic_float.o) (forward_lite_nl_softmax_if32of32_kernel)
../Middlewares/ST/AI/Lib/NetworkRuntime910_CM7_GCC.a(lite_nl_relu_if32of32.o)
                              ../Middlewares/ST/AI/Lib/NetworkRuntime910_CM7_GCC.a(layers_nl_generic_float.o) (forward_lite_nl_prelu_if32of32_kernel)
../Middlewares/ST/AI/Lib/NetworkRuntime910_CM7_GCC.a(lite_dense_if32.o)
                              ../Middlewares/ST/AI/Lib/NetworkRuntime910_CM7_GCC.a(layers_conv2d_generic_float.o) (lite_decompress_ilutof32)
../Middlewares/ST/AI/Lib/NetworkRuntime910_CM7_GCC.a(st_int8_fill.o)
                              ../Middlewares/ST/AI/Lib/NetworkRuntime910_CM7_GCC.a(layers_nl_generic_float.o) (st_int8_fill)
../Middlewares/ST/AI/Lib/NetworkRuntime910_CM7_GCC.a(ai_math_helpers.o)
                              ../Middlewares/ST/AI/Lib/NetworkRuntime910_CM7_GCC.a(layers_nl_generic_float.o) (ai_math_sqrt)
../Middlewares/ST/AI/Lib/NetworkRuntime910_CM7_GCC.a(ai_datatypes_format.o)
                              ../Middlewares/ST/AI/Lib/NetworkRuntime910_CM7_GCC.a(ai_platform_interface.o) (ai_array_to_buffer_fmt)
../Middlewares/ST/AI/Lib/NetworkRuntime910_CM7_GCC.a(ai_datatypes_internal.o)
                              ../Middlewares/ST/AI/Lib/NetworkRuntime910_CM7_GCC.a(ai_platform_interface.o) (ai_version_get)
../Middlewares/ST/AI/Lib/NetworkRuntime910_CM7_GCC.a(ai_math_elementwise_mul_int8.o)
                              ../Middlewares/ST/AI/Lib/NetworkRuntime910_CM7_GCC.a(ai_math_helpers.o) (ai_math_elementwise_mul_int8)
../Middlewares/ST/AI/Lib/NetworkRuntime910_CM7_GCC.a(ai_math_elementwise_sum_int8.o)
                              ../Middlewares/ST/AI/Lib/NetworkRuntime910_CM7_GCC.a(ai_math_helpers.o) (ai_math_elementwise_sum_int8)
../Middlewares/ST/AI/Lib/NetworkRuntime910_CM7_GCC.a(st_align_factor.o)
                              ../Middlewares/ST/AI/Lib/NetworkRuntime910_CM7_GCC.a(ai_math_helpers.o) (align_factor)
/opt/st/stm32cubeide_1.14.0/plugins/com.st.stm32cube.ide.mcu.externaltools.gnu-tools-for-stm32.11.3.rel1.linux64_1.1.100.202309141235/tools/bin/../lib/gcc/arm-none-eabi/11.3.1/../../../../arm-none-eabi/lib/thumb/v7e-m+dp/hard/libm.a(libm_a-wf_acos.o)
                              ../Middlewares/ST/AI/Lib/NetworkRuntime910_CM7_GCC.a(layers_nl_generic_float.o) (acosf)
/opt/st/stm32cubeide_1.14.0/plugins/com.st.stm32cube.ide.mcu.externaltools.gnu-tools-for-stm32.11.3.rel1.linux64_1.1.100.202309141235/tools/bin/../lib/gcc/arm-none-eabi/11.3.1/../../../../arm-none-eabi/lib/thumb/v7e-m+dp/hard/libm.a(libm_a-wf_acosh.o)
                              ../Middlewares/ST/AI/Lib/NetworkRuntime910_CM7_GCC.a(layers_nl_generic_float.o) (acoshf)
/opt/st/stm32cubeide_1.14.0/plugins/com.st.stm32cube.ide.mcu.externaltools.gnu-tools-for-stm32.11.3.rel1.linux64_1.1.100.202309141235/tools/bin/../lib/gcc/arm-none-eabi/11.3.1/../../../../arm-none-eabi/lib/thumb/v7e-m+dp/hard/libm.a(libm_a-wf_asin.o)
                              ../Middlewares/ST/AI/Lib/NetworkRuntime910_CM7_GCC.a(layers_nl_generic_float.o) (asinf)
[...]
Memory Configuration

Name             Origin             Length             Attributes
ITCMRAM          0x0000000000000000 0x0000000000010000 xrw
DTCMRAM          0x0000000020000000 0x0000000000020000 xrw
FLASH            0x0000000008000000 0x0000000000100000 xr
RAM_D1           0x0000000024000000 0x0000000000050000 xrw
RAM_D2           0x0000000030000000 0x0000000000008000 xrw
RAM_D3           0x0000000038000000 0x0000000000004000 xrw
*default*        0x0000000000000000 0xffffffffffffffff

Linker script and memory map

LOAD /opt/st/stm32cubeide_1.14.0/plugins/com.st.stm32cube.ide.mcu.externaltools.gnu-tools-for-stm32.11.3.rel1.linux64_1.1.100.202309141235/tools/bin/../lib/gcc/arm-none-eabi/11.3.1/thumb/v7e-m+dp/hard/crti.o
LOAD /opt/st/stm32cubeide_1.14.0/plugins/com.st.stm32cube.ide.mcu.externaltools.gnu-tools-for-stm32.11.3.rel1.linux64_1.1.100.202309141235/tools/bin/../lib/gcc/arm-none-eabi/11.3.1/thumb/v7e-m+dp/hard/crtbegin.o
LOAD /opt/st/stm32cubeide_1.14.0/plugins/com.st.stm32cube.ide.mcu.externaltools.gnu-tools-for-stm32.11.3.rel1.linux64_1.1.100.202309141235/tools/bin/../lib/gcc/arm-none-eabi/11.3.1/../../../../arm-none-eabi/lib/thumb/v7e-m+dp/hard/crt0.o
LOAD ./Core/Src/main.o
LOAD ./Core/Src/stm32h7xx_hal_msp.o
LOAD ./Core/Src/stm32h7xx_it.o
LOAD ./Core/Src/sysmem.o
LOAD ./Core/Src/system_stm32h7xx.o
LOAD ./Core/Startup/startup_stm32h723vgtx.o
LOAD ./Drivers/STM32H7xx_HAL_Driver/Src/stm32h7xx_hal.o
LOAD ./Drivers/STM32H7xx_HAL_Driver/Src/stm32h7xx_hal_cortex.o
LOAD ./Drivers/STM32H7xx_HAL_Driver/Src/stm32h7xx_hal_dma.o
LOAD ./Drivers/STM32H7xx_HAL_Driver/Src/stm32h7xx_hal_dma_ex.o
LOAD ./Drivers/STM32H7xx_HAL_Driver/Src/stm32h7xx_hal_exti.o
LOAD ./Drivers/STM32H7xx_HAL_Driver/Src/stm32h7xx_hal_flash.o
LOAD ./Drivers/STM32H7xx_HAL_Driver/Src/stm32h7xx_hal_flash_ex.o
LOAD ./Drivers/STM32H7xx_HAL_Driver/Src/stm32h7xx_hal_gpio.o
LOAD ./Drivers/STM32H7xx_HAL_Driver/Src/stm32h7xx_hal_hsem.o
LOAD ./Drivers/STM32H7xx_HAL_Driver/Src/stm32h7xx_hal_i2c.o
LOAD ./Drivers/STM32H7xx_HAL_Driver/Src/stm32h7xx_hal_i2c_ex.o
LOAD ./Drivers/STM32H7xx_HAL_Driver/Src/stm32h7xx_hal_mdma.o
LOAD ./Drivers/STM32H7xx_HAL_Driver/Src/stm32h7xx_hal_pwr.o
LOAD ./Drivers/STM32H7xx_HAL_Driver/Src/stm32h7xx_hal_pwr_ex.o
LOAD ./Drivers/STM32H7xx_HAL_Driver/Src/stm32h7xx_hal_rcc.o
LOAD ./Drivers/STM32H7xx_HAL_Driver/Src/stm32h7xx_hal_rcc_ex.o
LOAD ./Drivers/STM32H7xx_HAL_Driver/Src/stm32h7xx_hal_tim.o
LOAD ./Drivers/STM32H7xx_HAL_Driver/Src/stm32h7xx_hal_tim_ex.o
LOAD ./X-CUBE-AI/App/app_x-cube-ai.o
LOAD ./X-CUBE-AI/App/network.o
LOAD ./X-CUBE-AI/App/network_data.o
LOAD ./X-CUBE-AI/App/network_data_params.o
LOAD ../Middlewares/ST/AI/Lib/NetworkRuntime910_CM7_GCC.a
START GROUP
LOAD /opt/st/stm32cubeide_1.14.0/plugins/com.st.stm32cube.ide.mcu.externaltools.gnu-tools-for-stm32.11.3.rel1.linux64_1.1.100.202309141235/tools/bin/../lib/gcc/arm-none-eabi/11.3.1/../../../../arm-none-eabi/lib/thumb/v7e-m+dp/hard/libstdc++_nano.a
LOAD /opt/st/stm32cubeide_1.14.0/plugins/com.st.stm32cube.ide.mcu.externaltools.gnu-tools-for-stm32.11.3.rel1.linux64_1.1.100.202309141235/tools/bin/../lib/gcc/arm-none-eabi/11.3.1/../../../../arm-none-eabi/lib/thumb/v7e-m+dp/hard/libsupc++_nano.a
END GROUP
LOAD /opt/st/stm32cubeide_1.14.0/plugins/com.st.stm32cube.ide.mcu.externaltools.gnu-tools-for-stm32.11.3.rel1.linux64_1.1.100.202309141235/tools/bin/../lib/gcc/arm-none-eabi/11.3.1/../../../../arm-none-eabi/lib/thumb/v7e-m+dp/hard/libstdc++_nano.a
LOAD /opt/st/stm32cubeide_1.14.0/plugins/com.st.stm32cube.ide.mcu.externaltools.gnu-tools-for-stm32.11.3.rel1.linux64_1.1.100.202309141235/tools/bin/../lib/gcc/arm-none-eabi/11.3.1/../../../../arm-none-eabi/lib/thumb/v7e-m+dp/hard/libm.a
LOAD /opt/st/stm32cubeide_1.14.0/plugins/com.st.stm32cube.ide.mcu.externaltools.gnu-tools-for-stm32.11.3.rel1.linux64_1.1.100.202309141235/tools/bin/../lib/gcc/arm-none-eabi/11.3.1/../../../../arm-none-eabi/lib/thumb/v7e-m+dp/hard/libc_nano.a
START GROUP
LOAD /opt/st/stm32cubeide_1.14.0/plugins/com.st.stm32cube.ide.mcu.externaltools.gnu-tools-for-stm32.11.3.rel1.linux64_1.1.100.202309141235/tools/bin/../lib/gcc/arm-none-eabi/11.3.1/thumb/v7e-m+dp/hard/libgcc.a
LOAD /opt/st/stm32cubeide_1.14.0/plugins/com.st.stm32cube.ide.mcu.externaltools.gnu-tools-for-stm32.11.3.rel1.linux64_1.1.100.202309141235/tools/bin/../lib/gcc/arm-none-eabi/11.3.1/../../../../arm-none-eabi/lib/thumb/v7e-m+dp/hard/libc_nano.a
END GROUP
START GROUP
LOAD /opt/st/stm32cubeide_1.14.0/plugins/com.st.stm32cube.ide.mcu.externaltools.gnu-tools-for-stm32.11.3.rel1.linux64_1.1.100.202309141235/tools/bin/../lib/gcc/arm-none-eabi/11.3.1/thumb/v7e-m+dp/hard/libgcc.a
LOAD /opt/st/stm32cubeide_1.14.0/plugins/com.st.stm32cube.ide.mcu.externaltools.gnu-tools-for-stm32.11.3.rel1.linux64_1.1.100.202309141235/tools/bin/../lib/gcc/arm-none-eabi/11.3.1/../../../../arm-none-eabi/lib/thumb/v7e-m+dp/hard/libc_nano.a
LOAD /opt/st/stm32cubeide_1.14.0/plugins/com.st.stm32cube.ide.mcu.externaltools.gnu-tools-for-stm32.11.3.rel1.linux64_1.1.100.202309141235/tools/bin/../lib/gcc/arm-none-eabi/11.3.1/../../../../arm-none-eabi/lib/thumb/v7e-m+dp/hard/libnosys.a
END GROUP
START GROUP
LOAD /opt/st/stm32cubeide_1.14.0/plugins/com.st.stm32cube.ide.mcu.externaltools.gnu-tools-for-stm32.11.3.rel1.linux64_1.1.100.202309141235/tools/bin/../lib/gcc/arm-none-eabi/11.3.1/thumb/v7e-m+dp/hard/libgcc.a
LOAD /opt/st/stm32cubeide_1.14.0/plugins/com.st.stm32cube.ide.mcu.externaltools.gnu-tools-for-stm32.11.3.rel1.linux64_1.1.100.202309141235/tools/bin/../lib/gcc/arm-none-eabi/11.3.1/../../../../arm-none-eabi/lib/thumb/v7e-m+dp/hard/libc_nano.a
LOAD /opt/st/stm32cubeide_1.14.0/plugins/com.st.stm32cube.ide.mcu.externaltools.gnu-tools-for-stm32.11.3.rel1.linux64_1.1.100.202309141235/tools/bin/../lib/gcc/arm-none-eabi/11.3.1/../../../../arm-none-eabi/lib/thumb/v7e-m+dp/hard/libnosys.a
END GROUP
LOAD /opt/st/stm32cubeide_1.14.0/plugins/com.st.stm32cube.ide.mcu.externaltools.gnu-tools-for-stm32.11.3.rel1.linux64_1.1.100.202309141235/tools/bin/../lib/gcc/arm-none-eabi/11.3.1/thumb/v7e-m+dp/hard/crtend.o
LOAD /opt/st/stm32cubeide_1.14.0/plugins/com.st.stm32cube.ide.mcu.externaltools.gnu-tools-for-stm32.11.3.rel1.linux64_1.1.100.202309141235/tools/bin/../lib/gcc/arm-none-eabi/11.3.1/thumb/v7e-m+dp/hard/crtn.o
                0x0000000024050000                _estack = (ORIGIN (RAM_D1) + LENGTH (RAM_D1))
                0x0000000000000800                _Min_Heap_Size = 0x800
                0x0000000000000800                _Min_Stack_Size = 0x800

.isr_vector     0x0000000008000000      0x2cc
                0x0000000008000000                . = ALIGN (0x4)
 *(.isr_vector)
 .isr_vector    0x0000000008000000      0x2cc ./Core/Startup/startup_stm32h723vgtx.o
                0x0000000008000000                g_pfnVectors
                0x00000000080002cc                . = ALIGN (0x4)

.text           0x00000000080002d0     0x5894
                0x00000000080002d0                . = ALIGN (0x4)
 *(.text)
 .text          0x00000000080002d0       0x40 /opt/st/stm32cubeide_1.14.0/plugins/com.st.stm32cube.ide.mcu.externaltools.gnu-tools-for-stm32.11.3.rel1.linux64_1.1.100.202309141235/tools/bin/../lib/gcc/arm-none-eabi/11.3.1/thumb/v7e-m+dp/hard/crtbegin.o
 .text          0x0000000008000310       0xa0 /opt/st/stm32cubeide_1.14.0/plugins/com.st.stm32cube.ide.mcu.externaltools.gnu-tools-for-stm32.11.3.rel1.linux64_1.1.100.202309141235/tools/bin/../lib/gcc/arm-none-eabi/11.3.1/../../../../arm-none-eabi/lib/thumb/v7e-m+dp/hard/libc_nano.a(libc_a-memchr.o)
                0x0000000008000310                memchr
 .text          0x00000000080003b0       0x10 /opt/st/stm32cubeide_1.14.0/plugins/com.st.stm32cube.ide.mcu.externaltools.gnu-tools-for-stm32.11.3.rel1.linux64_1.1.100.202309141235/tools/bin/../lib/gcc/arm-none-eabi/11.3.1/../../../../arm-none-eabi/lib/thumb/v7e-m+dp/hard/libc_nano.a(libc_a-strlen.o)
                0x00000000080003b0                strlen
 *(.text*)
 .text.SystemClock_Config
                0x00000000080003c0       0xa4 ./Core/Src/main.o
                0x00000000080003c0                SystemClock_Config
 .text.startup.main
                0x0000000008000464       0xc0 ./Core/Src/main.o
                0x0000000008000464                main
 .text.HAL_MspInit
                0x0000000008000524       0x24 ./Core/Src/stm32h7xx_hal_msp.o
                0x0000000008000524                HAL_MspInit
 .text.NMI_Handler
                0x0000000008000548        0x4 ./Core/Src/stm32h7xx_it.o
                0x0000000008000548                NMI_Handler
 .text.HardFault_Handler
                0x000000000800054c        0x4 ./Core/Src/stm32h7xx_it.o
                0x000000000800054c                HardFault_Handler
 .text.MemManage_Handler
                0x0000000008000550        0x4 ./Core/Src/stm32h7xx_it.o
                0x0000000008000550                MemManage_Handler
 .text.BusFault_Handler
                0x0000000008000554        0x4 ./Core/Src/stm32h7xx_it.o
                0x0000000008000554                BusFault_Handler
 .text.UsageFault_Handler
                0x0000000008000558        0x4 ./Core/Src/stm32h7xx_it.o
                0x0000000008000558                UsageFault_Handler
 .text.SVC_Handler
                0x000000000800055c        0x4 ./Core/Src/stm32h7xx_it.o
                0x000000000800055c                SVC_Handler
 .text.DebugMon_Handler
                0x0000000008000560        0x4 ./Core/Src/stm32h7xx_it.o
                0x0000000008000560                DebugMon_Handler
 .text.PendSV_Handler
                0x0000000008000564        0x4 ./Core/Src/stm32h7xx_it.o
                0x0000000008000564                PendSV_Handler
 .text.SysTick_Handler
                0x0000000008000568        0x4 ./Core/Src/stm32h7xx_it.o
                0x0000000008000568                SysTick_Handler
 .text._sbrk    0x000000000800056c       0x48 ./Core/Src/sysmem.o
                0x000000000800056c                _sbrk
 .text.SystemInit
                0x00000000080005b4       0xac ./Core/Src/system_stm32h7xx.o
                0x00000000080005b4                SystemInit
 .text.Reset_Handler
                0x0000000008000660       0x50 ./Core/Startup/startup_stm32h723vgtx.o
                0x0000000008000660                Reset_Handler
 .text.Default_Handler
                0x00000000080006b0        0x2 ./Core/Startup/startup_stm32h723vgtx.o
                0x00000000080006b0                RTC_Alarm_IRQHandler
                0x00000000080006b0                EXTI2_IRQHandler
                0x00000000080006b0                TIM8_CC_IRQHandler
                0x00000000080006b0                UART8_IRQHandler
                0x00000000080006b0                SPI4_IRQHandler
                0x00000000080006b0                FDCAN3_IT0_IRQHandler
                0x00000000080006b0                TIM1_CC_IRQHandler
                0x00000000080006b0                BDMA_Channel6_IRQHandler
                0x00000000080006b0                DMA2_Stream5_IRQHandler
                0x00000000080006b0                DMA1_Stream5_IRQHandler
                0x00000000080006b0                CORDIC_IRQHandler
                0x00000000080006b0                BDMA_Channel1_IRQHandler
                0x00000000080006b0                TAMP_STAMP_IRQHandler
                0x00000000080006b0                EXTI3_IRQHandler
                0x00000000080006b0                LPTIM4_IRQHandler
                0x00000000080006b0                TIM8_TRG_COM_TIM14_IRQHandler
                0x00000000080006b0                LPTIM2_IRQHandler
                0x00000000080006b0                DFSDM1_FLT1_IRQHandler
                0x00000000080006b0                DMAMUX2_OVR_IRQHandler
                0x00000000080006b0                TIM8_UP_TIM13_IRQHandler
                0x00000000080006b0                I2C3_ER_IRQHandler
                0x00000000080006b0                DFSDM1_FLT2_IRQHandler
                0x00000000080006b0                I2C5_EV_IRQHandler
                0x00000000080006b0                USART10_IRQHandler
                0x00000000080006b0                MDMA_IRQHandler
                0x00000000080006b0                LPTIM3_IRQHandler
                0x00000000080006b0                HSEM1_IRQHandler
                0x00000000080006b0                EXTI0_IRQHandler
                0x00000000080006b0                I2C2_EV_IRQHandler
                0x00000000080006b0                DMA1_Stream2_IRQHandler
                0x00000000080006b0                FPU_IRQHandler
                0x00000000080006b0                OTG_HS_WKUP_IRQHandler
                0x00000000080006b0                FDCAN1_IT1_IRQHandler
                0x00000000080006b0                LTDC_ER_IRQHandler
                0x00000000080006b0                DMA2_Stream2_IRQHandler
                0x00000000080006b0                SPI1_IRQHandler
                0x00000000080006b0                OCTOSPI1_IRQHandler
                0x00000000080006b0                TIM6_DAC_IRQHandler
                0x00000000080006b0                DMA2_Stream3_IRQHandler
                0x00000000080006b0                OCTOSPI2_IRQHandler
                0x00000000080006b0                DFSDM1_FLT3_IRQHandler
                0x00000000080006b0                TIM23_IRQHandler
                0x00000000080006b0                USART6_IRQHandler
                0x00000000080006b0                TIM17_IRQHandler
                0x00000000080006b0                USART3_IRQHandler
                0x00000000080006b0                BDMA_Channel7_IRQHandler
                0x00000000080006b0                LPTIM5_IRQHandler
                0x00000000080006b0                UART5_IRQHandler
                0x00000000080006b0                ADC3_IRQHandler
                0x00000000080006b0                DMA2_Stream0_IRQHandler
                0x00000000080006b0                TIM4_IRQHandler
                0x00000000080006b0                BDMA_Channel2_IRQHandler
                0x00000000080006b0                I2C1_EV_IRQHandler
                0x00000000080006b0                DMA1_Stream6_IRQHandler
                0x00000000080006b0                DMAMUX1_OVR_IRQHandler
                0x00000000080006b0                DMA1_Stream1_IRQHandler
                0x00000000080006b0                TIM16_IRQHandler
                0x00000000080006b0                UART4_IRQHandler
                0x00000000080006b0                BDMA_Channel5_IRQHandler
                0x00000000080006b0                TIM3_IRQHandler
                0x00000000080006b0                RCC_IRQHandler
                0x00000000080006b0                UART9_IRQHandler
                0x00000000080006b0                TIM8_BRK_TIM12_IRQHandler
                0x00000000080006b0                TIM1_TRG_COM_IRQHandler
                0x00000000080006b0                Default_Handler
                0x00000000080006b0                ECC_IRQHandler
                0x00000000080006b0                FMAC_IRQHandler
                0x00000000080006b0                CEC_IRQHandler
                0x00000000080006b0                EXTI15_10_IRQHandler
                0x00000000080006b0                BDMA_Channel0_IRQHandler
                0x00000000080006b0                ADC_IRQHandler
                0x00000000080006b0                I2C5_ER_IRQHandler
                0x00000000080006b0                DMA1_Stream7_IRQHandler
                0x00000000080006b0                SPI5_IRQHandler
                0x00000000080006b0                TIM7_IRQHandler
                0x00000000080006b0                FDCAN3_IT1_IRQHandler
                0x00000000080006b0                SDMMC1_IRQHandler
                0x00000000080006b0                TIM5_IRQHandler
                0x00000000080006b0                DMA2_Stream7_IRQHandler
                0x00000000080006b0                TIM15_IRQHandler
                0x00000000080006b0                PVD_AVD_IRQHandler
                0x00000000080006b0                I2C3_EV_IRQHandler
                0x00000000080006b0                EXTI9_5_IRQHandler
                0x00000000080006b0                RTC_WKUP_IRQHandler
                0x00000000080006b0                LTDC_IRQHandler
                0x00000000080006b0                ETH_WKUP_IRQHandler
                0x00000000080006b0                SPDIF_RX_IRQHandler
                0x00000000080006b0                SPI2_IRQHandler
                0x00000000080006b0                OTG_HS_EP1_IN_IRQHandler
                0x00000000080006b0                DMA1_Stream0_IRQHandler
                0x00000000080006b0                TIM24_IRQHandler
                0x00000000080006b0                CRS_IRQHandler
                0x00000000080006b0                EXTI4_IRQHandler
                0x00000000080006b0                RNG_IRQHandler
                0x00000000080006b0                FDCAN2_IT1_IRQHandler
                0x00000000080006b0                ETH_IRQHandler
                0x00000000080006b0                TIM1_UP_IRQHandler
                0x00000000080006b0                BDMA_Channel4_IRQHandler
                0x00000000080006b0                OTG_HS_EP1_OUT_IRQHandler
                0x00000000080006b0                WWDG_IRQHandler
                0x00000000080006b0                SPI6_IRQHandler
                0x00000000080006b0                MDIOS_IRQHandler
                0x00000000080006b0                I2C4_EV_IRQHandler
                0x00000000080006b0                FDCAN2_IT0_IRQHandler
                0x00000000080006b0                LPUART1_IRQHandler
                0x00000000080006b0                FDCAN1_IT0_IRQHandler
                0x00000000080006b0                TIM2_IRQHandler
                0x00000000080006b0                OTG_HS_IRQHandler
                0x00000000080006b0                DMA2D_IRQHandler
                0x00000000080006b0                TIM1_BRK_IRQHandler
                0x00000000080006b0                EXTI1_IRQHandler
                0x00000000080006b0                SDMMC2_IRQHandler
                0x00000000080006b0                BDMA_Channel3_IRQHandler
                0x00000000080006b0                DTS_IRQHandler
                0x00000000080006b0                UART7_IRQHandler
                0x00000000080006b0                MDIOS_WKUP_IRQHandler
                0x00000000080006b0                USART2_IRQHandler
                0x00000000080006b0                DFSDM1_FLT0_IRQHandler
                0x00000000080006b0                SAI4_IRQHandler
                0x00000000080006b0                I2C2_ER_IRQHandler
                0x00000000080006b0                DMA2_Stream1_IRQHandler
                0x00000000080006b0                FLASH_IRQHandler
                0x00000000080006b0                DMA2_Stream4_IRQHandler
                0x00000000080006b0                USART1_IRQHandler
                0x00000000080006b0                SPI3_IRQHandler
                0x00000000080006b0                WAKEUP_PIN_IRQHandler
                0x00000000080006b0                DMA1_Stream4_IRQHandler
                0x00000000080006b0                I2C1_ER_IRQHandler
                0x00000000080006b0                FMC_IRQHandler
                0x00000000080006b0                FDCAN_CAL_IRQHandler
                0x00000000080006b0                SWPMI1_IRQHandler
                0x00000000080006b0                COMP1_IRQHandler
                0x00000000080006b0                LPTIM1_IRQHandler
                0x00000000080006b0                DCMI_PSSI_IRQHandler
                0x00000000080006b0                I2C4_ER_IRQHandler
                0x00000000080006b0                DMA2_Stream6_IRQHandler
                0x00000000080006b0                SAI1_IRQHandler
                0x00000000080006b0                DMA1_Stream3_IRQHandler
 *fill*         0x00000000080006b2        0x2 
 .text.HAL_InitTick
                0x00000000080006b4       0x4c ./Drivers/STM32H7xx_HAL_Driver/Src/stm32h7xx_hal.o
                0x00000000080006b4                HAL_InitTick
 .text.HAL_Init
                0x0000000008000700       0x60 ./Drivers/STM32H7xx_HAL_Driver/Src/stm32h7xx_hal.o
                0x0000000008000700                HAL_Init
 .text.HAL_IncTick
                0x0000000008000760       0x18 ./Drivers/STM32H7xx_HAL_Driver/Src/stm32h7xx_hal.o
                0x0000000008000760                HAL_IncTick
 .text.HAL_GetTick
                0x0000000008000778        0xc ./Drivers/STM32H7xx_HAL_Driver/Src/stm32h7xx_hal.o
                0x0000000008000778                HAL_GetTick
 .text.HAL_NVIC_SetPriorityGrouping
                0x0000000008000784       0x24 ./Drivers/STM32H7xx_HAL_Driver/Src/stm32h7xx_hal_cortex.o
                0x0000000008000784                HAL_NVIC_SetPriorityGrouping
 .text.HAL_NVIC_SetPriority
                0x00000000080007a8       0x7c ./Drivers/STM32H7xx_HAL_Driver/Src/stm32h7xx_hal_cortex.o
                0x00000000080007a8                HAL_NVIC_SetPriority
 .text.HAL_SYSTICK_Config
                0x0000000008000824       0x2c ./Drivers/STM32H7xx_HAL_Driver/Src/stm32h7xx_hal_cortex.o
                0x0000000008000824                HAL_SYSTICK_Config
 .text.HAL_PWREx_ConfigSupply
                0x0000000008000850       0x48 ./Drivers/STM32H7xx_HAL_Driver/Src/stm32h7xx_hal_pwr_ex.o
                0x0000000008000850                HAL_PWREx_ConfigSupply
 .text.HAL_RCC_OscConfig
                0x0000000008000898      0x558 ./Drivers/STM32H7xx_HAL_Driver/Src/stm32h7xx_hal_rcc.o
                0x0000000008000898                HAL_RCC_OscConfig
 .text.HAL_RCC_GetSysClockFreq
                0x0000000008000df0      0x140 ./Drivers/STM32H7xx_HAL_Driver/Src/stm32h7xx_hal_rcc.o
                0x0000000008000df0                HAL_RCC_GetSysClockFreq
 .text.HAL_RCC_ClockConfig
                0x0000000008000f30      0x250 ./Drivers/STM32H7xx_HAL_Driver/Src/stm32h7xx_hal_rcc.o
                0x0000000008000f30                HAL_RCC_ClockConfig
 .text.MX_X_CUBE_AI_Init
                0x0000000008001180       0x7c ./X-CUBE-AI/App/app_x-cube-ai.o
                0x0000000008001180                MX_X_CUBE_AI_Init
 .text.MX_X_CUBE_AI_Process
                0x00000000080011fc       0x60 ./X-CUBE-AI/App/app_x-cube-ai.o
                0x00000000080011fc                MX_X_CUBE_AI_Process
 .text.ai_network_get_error
                0x000000000800125c        0x4 ./X-CUBE-AI/App/network.o
                0x000000000800125c                ai_network_get_error
 .text.ai_network_inputs_get
                0x0000000008001260       0x1c ./X-CUBE-AI/App/network.o
                0x0000000008001260                ai_network_inputs_get
 .text.ai_network_outputs_get
                0x000000000800127c       0x1c ./X-CUBE-AI/App/network.o
                0x000000000800127c                ai_network_outputs_get
 .text.ai_network_init
                0x0000000008001298      0x1f4 ./X-CUBE-AI/App/network.o
                0x0000000008001298                ai_network_init
 .text.ai_network_create_and_init
                0x000000000800148c       0xb4 ./X-CUBE-AI/App/network.o
                0x000000000800148c                ai_network_create_and_init
 .text.ai_network_run
                0x0000000008001540        0x4 ./X-CUBE-AI/App/network.o
                0x0000000008001540                ai_network_run
 .text.ai_network_data_params_get
                0x0000000008001544       0x34 ./X-CUBE-AI/App/network_data.o
                0x0000000008001544                ai_network_data_params_get
 .text.ai_buffer_get_size
                0x0000000008001578       0x68 ../Middlewares/ST/AI/Lib/NetworkRuntime910_CM7_GCC.a(ai_platform.o)
                0x0000000008001578                ai_buffer_get_size
 .text.ai_buffer_array_sane
                0x00000000080015e0       0x14 ../Middlewares/ST/AI/Lib/NetworkRuntime910_CM7_GCC.a(ai_platform.o)
                0x00000000080015e0                ai_buffer_array_sane
 .text.ai_buffer_array_item_set_address
                0x00000000080015f4       0x20 ../Middlewares/ST/AI/Lib/NetworkRuntime910_CM7_GCC.a(ai_platform.o)
                0x00000000080015f4                ai_buffer_array_item_set_address
 .text.ai_platform_get_weights_map
                0x0000000008001614       0xb0 ../Middlewares/ST/AI/Lib/NetworkRuntime910_CM7_GCC.a(ai_platform_interface.o)
                0x0000000008001614                ai_platform_get_weights_map
 .text.ai_platform_get_activations_map
                0x00000000080016c4       0xb0 ../Middlewares/ST/AI/Lib/NetworkRuntime910_CM7_GCC.a(ai_platform_interface.o)
                0x00000000080016c4                ai_platform_get_activations_map
 .text.ai_platform_bind_network_params
                0x0000000008001774       0x34 ../Middlewares/ST/AI/Lib/NetworkRuntime910_CM7_GCC.a(ai_platform_interface.o)
                0x0000000008001774                ai_platform_bind_network_params
 .text.ai_platform_network_get_error
                0x00000000080017a8       0x18 ../Middlewares/ST/AI/Lib/NetworkRuntime910_CM7_GCC.a(ai_platform_interface.o)
                0x00000000080017a8                ai_platform_network_get_error
 .text.ai_platform_network_set_error
                0x00000000080017c0        0xc ../Middlewares/ST/AI/Lib/NetworkRuntime910_CM7_GCC.a(ai_platform_interface.o)
                0x00000000080017c0                ai_platform_network_set_error
 .text.ai_platform_inputs_get
                0x00000000080017cc       0xf0 ../Middlewares/ST/AI/Lib/NetworkRuntime910_CM7_GCC.a(ai_platform_interface.o)
                0x00000000080017cc                ai_platform_inputs_get
 .text.ai_platform_outputs_get
                0x00000000080018bc       0xec ../Middlewares/ST/AI/Lib/NetworkRuntime910_CM7_GCC.a(ai_platform_interface.o)
                0x00000000080018bc                ai_platform_outputs_get
 .text.ai_platform_network_create
                0x00000000080019a8       0x84 ../Middlewares/ST/AI/Lib/NetworkRuntime910_CM7_GCC.a(ai_platform_interface.o)
                0x00000000080019a8                ai_platform_network_create
 .text.ai_platform_network_init
                0x0000000008001a2c      0x180 ../Middlewares/ST/AI/Lib/NetworkRuntime910_CM7_GCC.a(ai_platform_interface.o)
                0x0000000008001a2c                ai_platform_network_init
 .text.ai_platform_network_post_init
                0x0000000008001bac       0x60 ../Middlewares/ST/AI/Lib/NetworkRuntime910_CM7_GCC.a(ai_platform_interface.o)
                0x0000000008001bac                ai_platform_network_post_init
 .text.ai_platform_network_process
                0x0000000008001c0c      0x48c ../Middlewares/ST/AI/Lib/NetworkRuntime910_CM7_GCC.a(ai_platform_interface.o)
                0x0000000008001c0c                ai_platform_network_process
 .text.core_init
                0x0000000008002098        0x4 ../Middlewares/ST/AI/Lib/NetworkRuntime910_CM7_GCC.a(core_common.o)
                0x0000000008002098                core_init
 .text.core_get_error
                0x000000000800209c        0xc ../Middlewares/ST/AI/Lib/NetworkRuntime910_CM7_GCC.a(core_common.o)
                0x000000000800209c                core_get_error
 .text.core_set_error
                0x00000000080020a8       0x18 ../Middlewares/ST/AI/Lib/NetworkRuntime910_CM7_GCC.a(core_common.o)
                0x00000000080020a8                core_set_error
 .text.ai_check_custom_types
                0x00000000080020c0       0x50 ../Middlewares/ST/AI/Lib/NetworkRuntime910_CM7_GCC.a(layers.o)
                0x00000000080020c0                ai_check_custom_types
 .text.ai_layers_init_all
                0x0000000008002110       0x1c ../Middlewares/ST/AI/Lib/NetworkRuntime910_CM7_GCC.a(layers.o)
                0x0000000008002110                ai_layers_init_all
 .text.ai_layers_post_init_all
                0x000000000800212c       0x28 ../Middlewares/ST/AI/Lib/NetworkRuntime910_CM7_GCC.a(layers.o)
                0x000000000800212c                ai_layers_post_init_all
 .text.ai_layers_forward_all
                0x0000000008002154       0x90 ../Middlewares/ST/AI/Lib/NetworkRuntime910_CM7_GCC.a(layers.o)
                0x0000000008002154                ai_layers_forward_all
 .text.forward_dense
                0x00000000080021e4       0xfc ../Middlewares/ST/AI/Lib/NetworkRuntime910_CM7_GCC.a(layers_conv2d_generic_float.o)
                0x00000000080021e4                forward_dense
 .text.forward_relu
                0x00000000080022e0      0x12c ../Middlewares/ST/AI/Lib/NetworkRuntime910_CM7_GCC.a(layers_nl_generic_float.o)
                0x00000000080022e0                forward_relu
 .text.forward_lite_nl_relu_generic_if32of32_kernel
                0x000000000800240c      0x10c ../Middlewares/ST/AI/Lib/NetworkRuntime910_CM7_GCC.a(lite_nl_relu_if32of32.o)
                0x000000000800240c                forward_lite_nl_relu_generic_if32of32_kernel
 .text.forward_lite_dense_if32of32wf32
                0x0000000008002518      0x2bc ../Middlewares/ST/AI/Lib/NetworkRuntime910_CM7_GCC.a(lite_dense_if32.o)
                0x0000000008002518                forward_lite_dense_if32of32wf32
 .text.forward_lite_dense_if32of32wf32_lut4
                0x00000000080027d4      0x254 ../Middlewares/ST/AI/Lib/NetworkRuntime910_CM7_GCC.a(lite_dense_if32.o)
                0x00000000080027d4                forward_lite_dense_if32of32wf32_lut4
 .text.forward_lite_dense_if32of32wf32_lut8
                0x0000000008002a28      0x560 ../Middlewares/ST/AI/Lib/NetworkRuntime910_CM7_GCC.a(lite_dense_if32.o)
                0x0000000008002a28                forward_lite_dense_if32of32wf32_lut8
 .text.st_int8_copy
                0x0000000008002f88      0x110 ../Middlewares/ST/AI/Lib/NetworkRuntime910_CM7_GCC.a(st_int8_fill.o)
                0x0000000008002f88                st_int8_copy
 .text.ai_array_to_buffer_fmt
                0x0000000008003098       0xe0 ../Middlewares/ST/AI/Lib/NetworkRuntime910_CM7_GCC.a(ai_datatypes_format.o)
                0x0000000008003098                ai_array_to_buffer_fmt
 .text.ai_array_get_data_byte_size
                0x0000000008003178       0x24 ../Middlewares/ST/AI/Lib/NetworkRuntime910_CM7_GCC.a(ai_datatypes_format.o)
                0x0000000008003178                ai_array_get_data_byte_size
 .text.ai_version_get
                0x000000000800319c        0xc ../Middlewares/ST/AI/Lib/NetworkRuntime910_CM7_GCC.a(ai_datatypes_internal.o)
                0x000000000800319c                ai_version_get
 .text.get_tensor_byte_size
                0x00000000080031a8       0x2c ../Middlewares/ST/AI/Lib/NetworkRuntime910_CM7_GCC.a(ai_datatypes_internal.o)
                0x00000000080031a8                get_tensor_byte_size
 .text.malloc   0x00000000080031d4       0x10 /opt/st/stm32cubeide_1.14.0/plugins/com.st.stm32cube.ide.mcu.externaltools.gnu-tools-for-stm32.11.3.rel1.linux64_1.1.100.202309141235/tools/bin/../lib/gcc/arm-none-eabi/11.3.1/../../../../arm-none-eabi/lib/thumb/v7e-m+dp/hard/libc_nano.a(libc_a-malloc.o)
                0x00000000080031d4                malloc
 .text.sbrk_aligned
                0x00000000080031e4       0x40 /opt/st/stm32cubeide_1.14.0/plugins/com.st.stm32cube.ide.mcu.externaltools.gnu-tools-for-stm32.11.3.rel1.linux64_1.1.100.202309141235/tools/bin/../lib/gcc/arm-none-eabi/11.3.1/../../../../arm-none-eabi/lib/thumb/v7e-m+dp/hard/libc_nano.a(libc_a-mallocr.o)
 .text._malloc_r
                0x0000000008003224      0x100 /opt/st/stm32cubeide_1.14.0/plugins/com.st.stm32cube.ide.mcu.externaltools.gnu-tools-for-stm32.11.3.rel1.linux64_1.1.100.202309141235/tools/bin/../lib/gcc/arm-none-eabi/11.3.1/../../../../arm-none-eabi/lib/thumb/v7e-m+dp/hard/libc_nano.a(libc_a-mallocr.o)
                0x0000000008003224                _malloc_r
 .text.__malloc_lock
                0x0000000008003324        0xc /opt/st/stm32cubeide_1.14.0/plugins/com.st.stm32cube.ide.mcu.externaltools.gnu-tools-for-stm32.11.3.rel1.linux64_1.1.100.202309141235/tools/bin/../lib/gcc/arm-none-eabi/11.3.1/../../../../arm-none-eabi/lib/thumb/v7e-m+dp/hard/libc_nano.a(libc_a-mlock.o)
                0x0000000008003324                __malloc_lock
 .text.__malloc_unlock
                0x0000000008003330        0xc /opt/st/stm32cubeide_1.14.0/plugins/com.st.stm32cube.ide.mcu.externaltools.gnu-tools-for-stm32.11.3.rel1.linux64_1.1.100.202309141235/tools/bin/../lib/gcc/arm-none-eabi/11.3.1/../../../../arm-none-eabi/lib/thumb/v7e-m+dp/hard/libc_nano.a(libc_a-mlock.o)
                0x0000000008003330                __malloc_unlock
 .text.__cvt    0x000000000800333c       0xa4 /opt/st/stm32cubeide_1.14.0/plugins/com.st.stm32cube.ide.mcu.externaltools.gnu-tools-for-stm32.11.3.rel1.linux64_1.1.100.202309141235/tools/bin/../lib/gcc/arm-none-eabi/11.3.1/../../../../arm-none-eabi/lib/thumb/v7e-m+dp/hard/libc_nano.a(libc_a-nano-vfprintf_float.o)
                0x000000000800333c                __cvt
 .text.__exponent
                0x00000000080033e0       0x7c /opt/st/stm32cubeide_1.14.0/plugins/com.st.stm32cube.ide.mcu.externaltools.gnu-tools-for-stm32.11.3.rel1.linux64_1.1.100.202309141235/tools/bin/../lib/gcc/arm-none-eabi/11.3.1/../../../../arm-none-eabi/lib/thumb/v7e-m+dp/hard/libc_nano.a(libc_a-nano-vfprintf_float.o)
                0x00000000080033e0                __exponent
 *fill*         0x000000000800345c        0x4 
 .text._printf_float
                0x0000000008003460      0x434 /opt/st/stm32cubeide_1.14.0/plugins/com.st.stm32cube.ide.mcu.externaltools.gnu-tools-for-stm32.11.3.rel1.linux64_1.1.100.202309141235/tools/bin/../lib/gcc/arm-none-eabi/11.3.1/../../../../arm-none-eabi/lib/thumb/v7e-m+dp/hard/libc_nano.a(libc_a-nano-vfprintf_float.o)
                0x0000000008003460                _printf_float
 .text._printf_common
                0x0000000008003894       0xda /opt/st/stm32cubeide_1.14.0/plugins/com.st.stm32cube.ide.mcu.externaltools.gnu-tools-for-stm32.11.3.rel1.linux64_1.1.100.202309141235/tools/bin/../lib/gcc/arm-none-eabi/11.3.1/../../../../arm-none-eabi/lib/thumb/v7e-m+dp/hard/libc_nano.a(libc_a-nano-vfprintf_i.o)
                0x0000000008003894                _printf_common
 *fill*         0x000000000800396e        0x2 
 .text._printf_i
                0x0000000008003970      0x244 /opt/st/stm32cubeide_1.14.0/plugins/com.st.stm32cube.ide.mcu.externaltools.gnu-tools-for-stm32.11.3.rel1.linux64_1.1.100.202309141235/tools/bin/../lib/gcc/arm-none-eabi/11.3.1/../../../../arm-none-eabi/lib/thumb/v7e-m+dp/hard/libc_nano.a(libc_a-nano-vfprintf_i.o)
                0x0000000008003970                _printf_i
 .text.std      0x0000000008003bb4       0x6c /opt/st/stm32cubeide_1.14.0/plugins/com.st.stm32cube.ide.mcu.externaltools.gnu-tools-for-stm32.11.3.rel1.linux64_1.1.100.202309141235/tools/bin/../lib/gcc/arm-none-eabi/11.3.1/../../../../arm-none-eabi/lib/thumb/v7e-m+dp/hard/libc_nano.a(libc_a-findfp.o)
 .text.stdio_exit_handler
                0x0000000008003c20       0x18 /opt/st/stm32cubeide_1.14.0/plugins/com.st.stm32cube.ide.mcu.externaltools.gnu-tools-for-stm32.11.3.rel1.linux64_1.1.100.202309141235/tools/bin/../lib/gcc/arm-none-eabi/11.3.1/../../../../arm-none-eabi/lib/thumb/v7e-m+dp/hard/libc_nano.a(libc_a-findfp.o)
 .text.cleanup_stdio
                0x0000000008003c38       0x40 /opt/st/stm32cubeide_1.14.0/plugins/com.st.stm32cube.ide.mcu.externaltools.gnu-tools-for-stm32.11.3.rel1.linux64_1.1.100.202309141235/tools/bin/../lib/gcc/arm-none-eabi/11.3.1/../../../../arm-none-eabi/lib/thumb/v7e-m+dp/hard/libc_nano.a(libc_a-findfp.o)
 .text.global_stdio_init.part.0
                0x0000000008003c78       0x3c /opt/st/stm32cubeide_1.14.0/plugins/com.st.stm32cube.ide.mcu.externaltools.gnu-tools-for-stm32.11.3.rel1.linux64_1.1.100.202309141235/tools/bin/../lib/gcc/arm-none-eabi/11.3.1/../../../../arm-none-eabi/lib/thumb/v7e-m+dp/hard/libc_nano.a(libc_a-findfp.o)
 .text.__sfp_lock_acquire
                0x0000000008003cb4        0xc /opt/st/stm32cubeide_1.14.0/plugins/com.st.stm32cube.ide.mcu.externaltools.gnu-tools-for-stm32.11.3.rel1.linux64_1.1.100.202309141235/tools/bin/../lib/gcc/arm-none-eabi/11.3.1/../../../../arm-none-eabi/lib/thumb/v7e-m+dp/hard/libc_nano.a(libc_a-findfp.o)
                0x0000000008003cb4                __sfp_lock_acquire
 .text.__sfp_lock_release
                0x0000000008003cc0        0xc /opt/st/stm32cubeide_1.14.0/plugins/com.st.stm32cube.ide.mcu.externaltools.gnu-tools-for-stm32.11.3.rel1.linux64_1.1.100.202309141235/tools/bin/../lib/gcc/arm-none-eabi/11.3.1/../../../../arm-none-eabi/lib/thumb/v7e-m+dp/hard/libc_nano.a(libc_a-findfp.o)
                0x0000000008003cc0                __sfp_lock_release
 .text.__sinit  0x0000000008003ccc       0x30 /opt/st/stm32cubeide_1.14.0/plugins/com.st.stm32cube.ide.mcu.externaltools.gnu-tools-for-stm32.11.3.rel1.linux64_1.1.100.202309141235/tools/bin/../lib/gcc/arm-none-eabi/11.3.1/../../../../arm-none-eabi/lib/thumb/v7e-m+dp/hard/libc_nano.a(libc_a-findfp.o)
                0x0000000008003ccc                __sinit
 .text._fwalk_sglue
                0x0000000008003cfc       0x3c /opt/st/stm32cubeide_1.14.0/plugins/com.st.stm32cube.ide.mcu.externaltools.gnu-tools-for-stm32.11.3.rel1.linux64_1.1.100.202309141235/tools/bin/../lib/gcc/arm-none-eabi/11.3.1/../../../../arm-none-eabi/lib/thumb/v7e-m+dp/hard/libc_nano.a(libc_a-fwalk.o)
                0x0000000008003cfc                _fwalk_sglue
 .text.printf   0x0000000008003d38       0x24 /opt/st/stm32cubeide_1.14.0/plugins/com.st.stm32cube.ide.mcu.externaltools.gnu-tools-for-stm32.11.3.rel1.linux64_1.1.100.202309141235/tools/bin/../lib/gcc/arm-none-eabi/11.3.1/../../../../arm-none-eabi/lib/thumb/v7e-m+dp/hard/libc_nano.a(libc_a-printf.o)
                0x0000000008003d38                printf
                0x0000000008003d38                iprintf
 .text._puts_r  0x0000000008003d5c       0xa8 /opt/st/stm32cubeide_1.14.0/plugins/com.st.stm32cube.ide.mcu.externaltools.gnu-tools-for-stm32.11.3.rel1.linux64_1.1.100.202309141235/tools/bin/../lib/gcc/arm-none-eabi/11.3.1/../../../../arm-none-eabi/lib/thumb/v7e-m+dp/hard/libc_nano.a(libc_a-puts.o)
                0x0000000008003d5c                _puts_r
 .text.puts     0x0000000008003e04       0x10 /opt/st/stm32cubeide_1.14.0/plugins/com.st.stm32cube.ide.mcu.externaltools.gnu-tools-for-stm32.11.3.rel1.linux64_1.1.100.202309141235/tools/bin/../lib/gcc/arm-none-eabi/11.3.1/../../../../arm-none-eabi/lib/thumb/v7e-m+dp/hard/libc_nano.a(libc_a-puts.o)
                0x0000000008003e04                puts
 .text.__sread  0x0000000008003e14       0x22 /opt/st/stm32cubeide_1.14.0/plugins/com.st.stm32cube.ide.mcu.externaltools.gnu-tools-for-stm32.11.3.rel1.linux64_1.1.100.202309141235/tools/bin/../lib/gcc/arm-none-eabi/11.3.1/../../../../arm-none-eabi/lib/thumb/v7e-m+dp/hard/libc_nano.a(libc_a-stdio.o)
                0x0000000008003e14                __sread
 .text.__swrite
                0x0000000008003e36       0x38 /opt/st/stm32cubeide_1.14.0/plugins/com.st.stm32cube.ide.mcu.externaltools.gnu-tools-for-stm32.11.3.rel1.linux64_1.1.100.202309141235/tools/bin/../lib/gcc/arm-none-eabi/11.3.1/../../../../arm-none-eabi/lib/thumb/v7e-m+dp/hard/libc_nano.a(libc_a-stdio.o)
                0x0000000008003e36                __swrite
 .text.__sseek  0x0000000008003e6e       0x24 /opt/st/stm32cubeide_1.14.0/plugins/com.st.stm32cube.ide.mcu.externaltools.gnu-tools-for-stm32.11.3.rel1.linux64_1.1.100.202309141235/tools/bin/../lib/gcc/arm-none-eabi/11.3.1/../../../../arm-none-eabi/lib/thumb/v7e-m+dp/hard/libc_nano.a(libc_a-stdio.o)
                0x0000000008003e6e                __sseek
 .text.__sclose
                0x0000000008003e92        0x8 /opt/st/stm32cubeide_1.14.0/plugins/com.st.stm32cube.ide.mcu.externaltools.gnu-tools-for-stm32.11.3.rel1.linux64_1.1.100.202309141235/tools/bin/../lib/gcc/arm-none-eabi/11.3.1/../../../../arm-none-eabi/lib/thumb/v7e-m+dp/hard/libc_nano.a(libc_a-stdio.o)
                0x0000000008003e92                __sclose
 .text.__swbuf_r
                0x0000000008003e9a       0x7a /opt/st/stm32cubeide_1.14.0/plugins/com.st.stm32cube.ide.mcu.externaltools.gnu-tools-for-stm32.11.3.rel1.linux64_1.1.100.202309141235/tools/bin/../lib/gcc/arm-none-eabi/11.3.1/../../../../arm-none-eabi/lib/thumb/v7e-m+dp/hard/libc_nano.a(libc_a-wbuf.o)
                0x0000000008003e9a                __swbuf_r
 .text.__swsetup_r
                0x0000000008003f14       0xb0 /opt/st/stm32cubeide_1.14.0/plugins/com.st.stm32cube.ide.mcu.externaltools.gnu-tools-for-stm32.11.3.rel1.linux64_1.1.100.202309141235/tools/bin/../lib/gcc/arm-none-eabi/11.3.1/../../../../arm-none-eabi/lib/thumb/v7e-m+dp/hard/libc_nano.a(libc_a-wsetup.o)
                0x0000000008003f14                __swsetup_r
 .text.memset   0x0000000008003fc4       0x10 /opt/st/stm32cubeide_1.14.0/plugins/com.st.stm32cube.ide.mcu.externaltools.gnu-tools-for-stm32.11.3.rel1.linux64_1.1.100.202309141235/tools/bin/../lib/gcc/arm-none-eabi/11.3.1/../../../../arm-none-eabi/lib/thumb/v7e-m+dp/hard/libc_nano.a(libc_a-memset.o)
                0x0000000008003fc4                memset
 .text._localeconv_r
                0x0000000008003fd4        0x8 /opt/st/stm32cubeide_1.14.0/plugins/com.st.stm32cube.ide.mcu.externaltools.gnu-tools-for-stm32.11.3.rel1.linux64_1.1.100.202309141235/tools/bin/../lib/gcc/arm-none-eabi/11.3.1/../../../../arm-none-eabi/lib/thumb/v7e-m+dp/hard/libc_nano.a(libc_a-localeconv.o)
                0x0000000008003fd4                _localeconv_r
 .text._close_r
                0x0000000008003fdc       0x20 /opt/st/stm32cubeide_1.14.0/plugins/com.st.stm32cube.ide.mcu.externaltools.gnu-tools-for-stm32.11.3.rel1.linux64_1.1.100.202309141235/tools/bin/../lib/gcc/arm-none-eabi/11.3.1/../../../../arm-none-eabi/lib/thumb/v7e-m+dp/hard/libc_nano.a(libc_a-closer.o)
                0x0000000008003fdc                _close_r
 .text._lseek_r
                0x0000000008003ffc       0x24 /opt/st/stm32cubeide_1.14.0/plugins/com.st.stm32cube.ide.mcu.externaltools.gnu-tools-for-stm32.11.3.rel1.linux64_1.1.100.202309141235/tools/bin/../lib/gcc/arm-none-eabi/11.3.1/../../../../arm-none-eabi/lib/thumb/v7e-m+dp/hard/libc_nano.a(libc_a-lseekr.o)
                0x0000000008003ffc                _lseek_r
 .text._read_r  0x0000000008004020       0x24 /opt/st/stm32cubeide_1.14.0/plugins/com.st.stm32cube.ide.mcu.externaltools.gnu-tools-for-stm32.11.3.rel1.linux64_1.1.100.202309141235/tools/bin/../lib/gcc/arm-none-eabi/11.3.1/../../../../arm-none-eabi/lib/thumb/v7e-m+dp/hard/libc_nano.a(libc_a-readr.o)
                0x0000000008004020                _read_r
 .text._sbrk_r  0x0000000008004044       0x20 /opt/st/stm32cubeide_1.14.0/plugins/com.st.stm32cube.ide.mcu.externaltools.gnu-tools-for-stm32.11.3.rel1.linux64_1.1.100.202309141235/tools/bin/../lib/gcc/arm-none-eabi/11.3.1/../../../../arm-none-eabi/lib/thumb/v7e-m+dp/hard/libc_nano.a(libc_a-sbrkr.o)
                0x0000000008004044                _sbrk_r
 .text._write_r
                0x0000000008004064       0x24 /opt/st/stm32cubeide_1.14.0/plugins/com.st.stm32cube.ide.mcu.externaltools.gnu-tools-for-stm32.11.3.rel1.linux64_1.1.100.202309141235/tools/bin/../lib/gcc/arm-none-eabi/11.3.1/../../../../arm-none-eabi/lib/thumb/v7e-m+dp/hard/libc_nano.a(libc_a-writer.o)
                0x0000000008004064                _write_r
 .text.__errno  0x0000000008004088        0xc /opt/st/stm32cubeide_1.14.0/plugins/com.st.stm32cube.ide.mcu.externaltools.gnu-tools-for-stm32.11.3.rel1.linux64_1.1.100.202309141235/tools/bin/../lib/gcc/arm-none-eabi/11.3.1/../../../../arm-none-eabi/lib/thumb/v7e-m+dp/hard/libc_nano.a(libc_a-errno.o)
                0x0000000008004088                __errno
 .text.__libc_init_array
                0x0000000008004094       0x48 /opt/st/stm32cubeide_1.14.0/plugins/com.st.stm32cube.ide.mcu.externaltools.gnu-tools-for-stm32.11.3.rel1.linux64_1.1.100.202309141235/tools/bin/../lib/gcc/arm-none-eabi/11.3.1/../../../../arm-none-eabi/lib/thumb/v7e-m+dp/hard/libc_nano.a(libc_a-init.o)
                0x0000000008004094                __libc_init_array
 .text.__retarget_lock_init_recursive
                0x00000000080040dc        0x2 /opt/st/stm32cubeide_1.14.0/plugins/com.st.stm32cube.ide.mcu.externaltools.gnu-tools-for-stm32.11.3.rel1.linux64_1.1.100.202309141235/tools/bin/../lib/gcc/arm-none-eabi/11.3.1/../../../../arm-none-eabi/lib/thumb/v7e-m+dp/hard/libc_nano.a(libc_a-lock.o)
                0x00000000080040dc                __retarget_lock_init_recursive
 .text.__retarget_lock_acquire_recursive
                0x00000000080040de        0x2 /opt/st/stm32cubeide_1.14.0/plugins/com.st.stm32cube.ide.mcu.externaltools.gnu-tools-for-stm32.11.3.rel1.linux64_1.1.100.202309141235/tools/bin/../lib/gcc/arm-none-eabi/11.3.1/../../../../arm-none-eabi/lib/thumb/v7e-m+dp/hard/libc_nano.a(libc_a-lock.o)
                0x00000000080040de                __retarget_lock_acquire_recursive
 .text.__retarget_lock_release_recursive
                0x00000000080040e0        0x2 /opt/st/stm32cubeide_1.14.0/plugins/com.st.stm32cube.ide.mcu.externaltools.gnu-tools-for-stm32.11.3.rel1.linux64_1.1.100.202309141235/tools/bin/../lib/gcc/arm-none-eabi/11.3.1/../../../../arm-none-eabi/lib/thumb/v7e-m+dp/hard/libc_nano.a(libc_a-lock.o)
                0x00000000080040e0                __retarget_lock_release_recursive
 .text.memcpy   0x00000000080040e2       0x1c /opt/st/stm32cubeide_1.14.0/plugins/com.st.stm32cube.ide.mcu.externaltools.gnu-tools-for-stm32.11.3.rel1.linux64_1.1.100.202309141235/tools/bin/../lib/gcc/arm-none-eabi/11.3.1/../../../../arm-none-eabi/lib/thumb/v7e-m+dp/hard/libc_nano.a(libc_a-memcpy-stub.o)
                0x00000000080040e2                memcpy
 .text.quorem   0x00000000080040fe      0x110 /opt/st/stm32cubeide_1.14.0/plugins/com.st.stm32cube.ide.mcu.externaltools.gnu-tools-for-stm32.11.3.rel1.linux64_1.1.100.202309141235/tools/bin/../lib/gcc/arm-none-eabi/11.3.1/../../../../arm-none-eabi/lib/thumb/v7e-m+dp/hard/libc_nano.a(libc_a-dtoa.o)
 *fill*         0x000000000800420e        0x2 
 .text._dtoa_r  0x0000000008004210      0xad8 /opt/st/stm32cubeide_1.14.0/plugins/com.st.stm32cube.ide.mcu.externaltools.gnu-tools-for-stm32.11.3.rel1.linux64_1.1.100.202309141235/tools/bin/../lib/gcc/arm-none-eabi/11.3.1/../../../../arm-none-eabi/lib/thumb/v7e-m+dp/hard/libc_nano.a(libc_a-dtoa.o)
                0x0000000008004210                _dtoa_r
 .text._free_r  0x0000000008004ce8       0x98 /opt/st/stm32cubeide_1.14.0/plugins/com.st.stm32cube.ide.mcu.externaltools.gnu-tools-for-stm32.11.3.rel1.linux64_1.1.100.202309141235/tools/bin/../lib/gcc/arm-none-eabi/11.3.1/../../../../arm-none-eabi/lib/thumb/v7e-m+dp/hard/libc_nano.a(libc_a-freer.o)
                0x0000000008004ce8                _free_r
 .text._Balloc  0x0000000008004d80       0x80 /opt/st/stm32cubeide_1.14.0/plugins/com.st.stm32cube.ide.mcu.externaltools.gnu-tools-for-stm32.11.3.rel1.linux64_1.1.100.202309141235/tools/bin/../lib/gcc/arm-none-eabi/11.3.1/../../../../arm-none-eabi/lib/thumb/v7e-m+dp/hard/libc_nano.a(libc_a-mprec.o)
                0x0000000008004d80                _Balloc
 .text._Bfree   0x0000000008004e00       0x44 /opt/st/stm32cubeide_1.14.0/plugins/com.st.stm32cube.ide.mcu.externaltools.gnu-tools-for-stm32.11.3.rel1.linux64_1.1.100.202309141235/tools/bin/../lib/gcc/arm-none-eabi/11.3.1/../../../../arm-none-eabi/lib/thumb/v7e-m+dp/hard/libc_nano.a(libc_a-mprec.o)
                0x0000000008004e00                _Bfree
 .text.__multadd
                0x0000000008004e44       0x8c /opt/st/stm32cubeide_1.14.0/plugins/com.st.stm32cube.ide.mcu.externaltools.gnu-tools-for-stm32.11.3.rel1.linux64_1.1.100.202309141235/tools/bin/../lib/gcc/arm-none-eabi/11.3.1/../../../../arm-none-eabi/lib/thumb/v7e-m+dp/hard/libc_nano.a(libc_a-mprec.o)
                0x0000000008004e44                __multadd
 .text.__hi0bits
                0x0000000008004ed0       0x40 /opt/st/stm32cubeide_1.14.0/plugins/com.st.stm32cube.ide.mcu.externaltools.gnu-tools-for-stm32.11.3.rel1.linux64_1.1.100.202309141235/tools/bin/../lib/gcc/arm-none-eabi/11.3.1/../../../../arm-none-eabi/lib/thumb/v7e-m+dp/hard/libc_nano.a(libc_a-mprec.o)
                0x0000000008004ed0                __hi0bits
 .text.__lo0bits
                0x0000000008004f10       0x5a /opt/st/stm32cubeide_1.14.0/plugins/com.st.stm32cube.ide.mcu.externaltools.gnu-tools-for-stm32.11.3.rel1.linux64_1.1.100.202309141235/tools/bin/../lib/gcc/arm-none-eabi/11.3.1/../../../../arm-none-eabi/lib/thumb/v7e-m+dp/hard/libc_nano.a(libc_a-mprec.o)
                0x0000000008004f10                __lo0bits
 *fill*         0x0000000008004f6a        0x2 
 .text.__i2b    0x0000000008004f6c       0x2c /opt/st/stm32cubeide_1.14.0/plugins/com.st.stm32cube.ide.mcu.externaltools.gnu-tools-for-stm32.11.3.rel1.linux64_1.1.100.202309141235/tools/bin/../lib/gcc/arm-none-eabi/11.3.1/../../../../arm-none-eabi/lib/thumb/v7e-m+dp/hard/libc_nano.a(libc_a-mprec.o)
                0x0000000008004f6c                __i2b
 .text.__multiply
                0x0000000008004f98      0x154 /opt/st/stm32cubeide_1.14.0/plugins/com.st.stm32cube.ide.mcu.externaltools.gnu-tools-for-stm32.11.3.rel1.linux64_1.1.100.202309141235/tools/bin/../lib/gcc/arm-none-eabi/11.3.1/../../../../arm-none-eabi/lib/thumb/v7e-m+dp/hard/libc_nano.a(libc_a-mprec.o)
                0x0000000008004f98                __multiply
 .text.__pow5mult
                0x00000000080050ec       0xb4 /opt/st/stm32cubeide_1.14.0/plugins/com.st.stm32cube.ide.mcu.externaltools.gnu-tools-for-stm32.11.3.rel1.linux64_1.1.100.202309141235/tools/bin/../lib/gcc/arm-none-eabi/11.3.1/../../../../arm-none-eabi/lib/thumb/v7e-m+dp/hard/libc_nano.a(libc_a-mprec.o)
                0x00000000080050ec                __pow5mult
 .text.__lshift
                0x00000000080051a0       0xd8 /opt/st/stm32cubeide_1.14.0/plugins/com.st.stm32cube.ide.mcu.externaltools.gnu-tools-for-stm32.11.3.rel1.linux64_1.1.100.202309141235/tools/bin/../lib/gcc/arm-none-eabi/11.3.1/../../../../arm-none-eabi/lib/thumb/v7e-m+dp/hard/libc_nano.a(libc_a-mprec.o)
                0x00000000080051a0                __lshift
 .text.__mcmp   0x0000000008005278       0x38 /opt/st/stm32cubeide_1.14.0/plugins/com.st.stm32cube.ide.mcu.externaltools.gnu-tools-for-stm32.11.3.rel1.linux64_1.1.100.202309141235/tools/bin/../lib/gcc/arm-none-eabi/11.3.1/../../../../arm-none-eabi/lib/thumb/v7e-m+dp/hard/libc_nano.a(libc_a-mprec.o)
                0x0000000008005278                __mcmp
 .text.__mdiff  0x00000000080052b0      0x114 /opt/st/stm32cubeide_1.14.0/plugins/com.st.stm32cube.ide.mcu.externaltools.gnu-tools-for-stm32.11.3.rel1.linux64_1.1.100.202309141235/tools/bin/../lib/gcc/arm-none-eabi/11.3.1/../../../../arm-none-eabi/lib/thumb/v7e-m+dp/hard/libc_nano.a(libc_a-mprec.o)
                0x00000000080052b0                __mdiff
 .text.__d2b    0x00000000080053c4       0xb4 /opt/st/stm32cubeide_1.14.0/plugins/com.st.stm32cube.ide.mcu.externaltools.gnu-tools-for-stm32.11.3.rel1.linux64_1.1.100.202309141235/tools/bin/../lib/gcc/arm-none-eabi/11.3.1/../../../../arm-none-eabi/lib/thumb/v7e-m+dp/hard/libc_nano.a(libc_a-mprec.o)
                0x00000000080053c4                __d2b
 .text.__sfputc_r
                0x0000000008005478       0x2e /opt/st/stm32cubeide_1.14.0/plugins/com.st.stm32cube.ide.mcu.externaltools.gnu-tools-for-stm32.11.3.rel1.linux64_1.1.100.202309141235/tools/bin/../lib/gcc/arm-none-eabi/11.3.1/../../../../arm-none-eabi/lib/thumb/v7e-m+dp/hard/libc_nano.a(libc_a-nano-vfprintf.o)
 .text.__sfputs_r
                0x00000000080054a6       0x24 /opt/st/stm32cubeide_1.14.0/plugins/com.st.stm32cube.ide.mcu.externaltools.gnu-tools-for-stm32.11.3.rel1.linux64_1.1.100.202309141235/tools/bin/../lib/gcc/arm-none-eabi/11.3.1/../../../../arm-none-eabi/lib/thumb/v7e-m+dp/hard/libc_nano.a(libc_a-nano-vfprintf.o)
                0x00000000080054a6                __sfputs_r
 *fill*         0x00000000080054ca        0x2 
 .text._vfprintf_r
                0x00000000080054cc      0x234 /opt/st/stm32cubeide_1.14.0/plugins/com.st.stm32cube.ide.mcu.externaltools.gnu-tools-for-stm32.11.3.rel1.linux64_1.1.100.202309141235/tools/bin/../lib/gcc/arm-none-eabi/11.3.1/../../../../arm-none-eabi/lib/thumb/v7e-m+dp/hard/libc_nano.a(libc_a-nano-vfprintf.o)
                0x00000000080054cc                _vfiprintf_r
                0x00000000080054cc                _vfprintf_r
 .text.__sflush_r
                0x0000000008005700      0x10c /opt/st/stm32cubeide_1.14.0/plugins/com.st.stm32cube.ide.mcu.externaltools.gnu-tools-for-stm32.11.3.rel1.linux64_1.1.100.202309141235/tools/bin/../lib/gcc/arm-none-eabi/11.3.1/../../../../arm-none-eabi/lib/thumb/v7e-m+dp/hard/libc_nano.a(libc_a-fflush.o)
                0x0000000008005700                __sflush_r
 .text._fflush_r
                0x000000000800580c       0x50 /opt/st/stm32cubeide_1.14.0/plugins/com.st.stm32cube.ide.mcu.externaltools.gnu-tools-for-stm32.11.3.rel1.linux64_1.1.100.202309141235/tools/bin/../lib/gcc/arm-none-eabi/11.3.1/../../../../arm-none-eabi/lib/thumb/v7e-m+dp/hard/libc_nano.a(libc_a-fflush.o)
                0x000000000800580c                _fflush_r
 .text.__swhatbuf_r
                0x000000000800585c       0x4c /opt/st/stm32cubeide_1.14.0/plugins/com.st.stm32cube.ide.mcu.externaltools.gnu-tools-for-stm32.11.3.rel1.linux64_1.1.100.202309141235/tools/bin/../lib/gcc/arm-none-eabi/11.3.1/../../../../arm-none-eabi/lib/thumb/v7e-m+dp/hard/libc_nano.a(libc_a-makebuf.o)
                0x000000000800585c                __swhatbuf_r
 .text.__smakebuf_r
                0x00000000080058a8       0x78 /opt/st/stm32cubeide_1.14.0/plugins/com.st.stm32cube.ide.mcu.externaltools.gnu-tools-for-stm32.11.3.rel1.linux64_1.1.100.202309141235/tools/bin/../lib/gcc/arm-none-eabi/11.3.1/../../../../arm-none-eabi/lib/thumb/v7e-m+dp/hard/libc_nano.a(libc_a-makebuf.o)
                0x00000000080058a8                __smakebuf_r
 .text._fstat_r
                0x0000000008005920       0x24 /opt/st/stm32cubeide_1.14.0/plugins/com.st.stm32cube.ide.mcu.externaltools.gnu-tools-for-stm32.11.3.rel1.linux64_1.1.100.202309141235/tools/bin/../lib/gcc/arm-none-eabi/11.3.1/../../../../arm-none-eabi/lib/thumb/v7e-m+dp/hard/libc_nano.a(libc_a-fstatr.o)
                0x0000000008005920                _fstat_r
 .text._isatty_r
                0x0000000008005944       0x20 /opt/st/stm32cubeide_1.14.0/plugins/com.st.stm32cube.ide.mcu.externaltools.gnu-tools-for-stm32.11.3.rel1.linux64_1.1.100.202309141235/tools/bin/../lib/gcc/arm-none-eabi/11.3.1/../../../../arm-none-eabi/lib/thumb/v7e-m+dp/hard/libc_nano.a(libc_a-isattyr.o)
                0x0000000008005944                _isatty_r
 .text.__assert_func
                0x0000000008005964       0x3c /opt/st/stm32cubeide_1.14.0/plugins/com.st.stm32cube.ide.mcu.externaltools.gnu-tools-for-stm32.11.3.rel1.linux64_1.1.100.202309141235/tools/bin/../lib/gcc/arm-none-eabi/11.3.1/../../../../arm-none-eabi/lib/thumb/v7e-m+dp/hard/libc_nano.a(libc_a-assert.o)
                0x0000000008005964                __assert_func
 .text._calloc_r
                0x00000000080059a0       0x2c /opt/st/stm32cubeide_1.14.0/plugins/com.st.stm32cube.ide.mcu.externaltools.gnu-tools-for-stm32.11.3.rel1.linux64_1.1.100.202309141235/tools/bin/../lib/gcc/arm-none-eabi/11.3.1/../../../../arm-none-eabi/lib/thumb/v7e-m+dp/hard/libc_nano.a(libc_a-callocr.o)
                0x00000000080059a0                _calloc_r
 .text.__ascii_mbtowc
                0x00000000080059cc       0x24 /opt/st/stm32cubeide_1.14.0/plugins/com.st.stm32cube.ide.mcu.externaltools.gnu-tools-for-stm32.11.3.rel1.linux64_1.1.100.202309141235/tools/bin/../lib/gcc/arm-none-eabi/11.3.1/../../../../arm-none-eabi/lib/thumb/v7e-m+dp/hard/libc_nano.a(libc_a-mbtowc_r.o)
                0x00000000080059cc                __ascii_mbtowc
 .text.__ascii_wctomb
                0x00000000080059f0       0x1a /opt/st/stm32cubeide_1.14.0/plugins/com.st.stm32cube.ide.mcu.externaltools.gnu-tools-for-stm32.11.3.rel1.linux64_1.1.100.202309141235/tools/bin/../lib/gcc/arm-none-eabi/11.3.1/../../../../arm-none-eabi/lib/thumb/v7e-m+dp/hard/libc_nano.a(libc_a-wctomb_r.o)
                0x00000000080059f0                __ascii_wctomb
 *fill*         0x0000000008005a0a        0x2 
 .text.fprintf  0x0000000008005a0c       0x24 /opt/st/stm32cubeide_1.14.0/plugins/com.st.stm32cube.ide.mcu.externaltools.gnu-tools-for-stm32.11.3.rel1.linux64_1.1.100.202309141235/tools/bin/../lib/gcc/arm-none-eabi/11.3.1/../../../../arm-none-eabi/lib/thumb/v7e-m+dp/hard/libc_nano.a(libc_a-fprintf.o)
                0x0000000008005a0c                fprintf
                0x0000000008005a0c                fiprintf
 .text.abort    0x0000000008005a30        0xe /opt/st/stm32cubeide_1.14.0/plugins/com.st.stm32cube.ide.mcu.externaltools.gnu-tools-for-stm32.11.3.rel1.linux64_1.1.100.202309141235/tools/bin/../lib/gcc/arm-none-eabi/11.3.1/../../../../arm-none-eabi/lib/thumb/v7e-m+dp/hard/libc_nano.a(libc_a-abort.o)
                0x0000000008005a30                abort
 .text._raise_r
                0x0000000008005a3e       0x50 /opt/st/stm32cubeide_1.14.0/plugins/com.st.stm32cube.ide.mcu.externaltools.gnu-tools-for-stm32.11.3.rel1.linux64_1.1.100.202309141235/tools/bin/../lib/gcc/arm-none-eabi/11.3.1/../../../../arm-none-eabi/lib/thumb/v7e-m+dp/hard/libc_nano.a(libc_a-signal.o)
                0x0000000008005a3e                _raise_r
 *fill*         0x0000000008005a8e        0x2 
 .text.raise    0x0000000008005a90       0x10 /opt/st/stm32cubeide_1.14.0/plugins/com.st.stm32cube.ide.mcu.externaltools.gnu-tools-for-stm32.11.3.rel1.linux64_1.1.100.202309141235/tools/bin/../lib/gcc/arm-none-eabi/11.3.1/../../../../arm-none-eabi/lib/thumb/v7e-m+dp/hard/libc_nano.a(libc_a-signal.o)
                0x0000000008005a90                raise
 .text._kill_r  0x0000000008005aa0       0x24 /opt/st/stm32cubeide_1.14.0/plugins/com.st.stm32cube.ide.mcu.externaltools.gnu-tools-for-stm32.11.3.rel1.linux64_1.1.100.202309141235/tools/bin/../lib/gcc/arm-none-eabi/11.3.1/../../../../arm-none-eabi/lib/thumb/v7e-m+dp/hard/libc_nano.a(libc_a-signalr.o)
                0x0000000008005aa0                _kill_r
 .text._getpid_r
                0x0000000008005ac4        0x4 /opt/st/stm32cubeide_1.14.0/plugins/com.st.stm32cube.ide.mcu.externaltools.gnu-tools-for-stm32.11.3.rel1.linux64_1.1.100.202309141235/tools/bin/../lib/gcc/arm-none-eabi/11.3.1/../../../../arm-none-eabi/lib/thumb/v7e-m+dp/hard/libc_nano.a(libc_a-signalr.o)
                0x0000000008005ac4                _getpid_r
 .text._close   0x0000000008005ac8       0x10 /opt/st/stm32cubeide_1.14.0/plugins/com.st.stm32cube.ide.mcu.externaltools.gnu-tools-for-stm32.11.3.rel1.linux64_1.1.100.202309141235/tools/bin/../lib/gcc/arm-none-eabi/11.3.1/../../../../arm-none-eabi/lib/thumb/v7e-m+dp/hard/libnosys.a(close.o)
                0x0000000008005ac8                _close
 .text._fstat   0x0000000008005ad8       0x10 /opt/st/stm32cubeide_1.14.0/plugins/com.st.stm32cube.ide.mcu.externaltools.gnu-tools-for-stm32.11.3.rel1.linux64_1.1.100.202309141235/tools/bin/../lib/gcc/arm-none-eabi/11.3.1/../../../../arm-none-eabi/lib/thumb/v7e-m+dp/hard/libnosys.a(fstat.o)
                0x0000000008005ad8                _fstat
 .text._getpid  0x0000000008005ae8       0x10 /opt/st/stm32cubeide_1.14.0/plugins/com.st.stm32cube.ide.mcu.externaltools.gnu-tools-for-stm32.11.3.rel1.linux64_1.1.100.202309141235/tools/bin/../lib/gcc/arm-none-eabi/11.3.1/../../../../arm-none-eabi/lib/thumb/v7e-m+dp/hard/libnosys.a(getpid.o)
                0x0000000008005ae8                _getpid
 .text._isatty  0x0000000008005af8       0x10 /opt/st/stm32cubeide_1.14.0/plugins/com.st.stm32cube.ide.mcu.externaltools.gnu-tools-for-stm32.11.3.rel1.linux64_1.1.100.202309141235/tools/bin/../lib/gcc/arm-none-eabi/11.3.1/../../../../arm-none-eabi/lib/thumb/v7e-m+dp/hard/libnosys.a(isatty.o)
                0x0000000008005af8                _isatty
 .text._kill    0x0000000008005b08       0x10 /opt/st/stm32cubeide_1.14.0/plugins/com.st.stm32cube.ide.mcu.externaltools.gnu-tools-for-stm32.11.3.rel1.linux64_1.1.100.202309141235/tools/bin/../lib/gcc/arm-none-eabi/11.3.1/../../../../arm-none-eabi/lib/thumb/v7e-m+dp/hard/libnosys.a(kill.o)
                0x0000000008005b08                _kill
 .text._lseek   0x0000000008005b18       0x10 /opt/st/stm32cubeide_1.14.0/plugins/com.st.stm32cube.ide.mcu.externaltools.gnu-tools-for-stm32.11.3.rel1.linux64_1.1.100.202309141235/tools/bin/../lib/gcc/arm-none-eabi/11.3.1/../../../../arm-none-eabi/lib/thumb/v7e-m+dp/hard/libnosys.a(lseek.o)
                0x0000000008005b18                _lseek
 .text._read    0x0000000008005b28       0x10 /opt/st/stm32cubeide_1.14.0/plugins/com.st.stm32cube.ide.mcu.externaltools.gnu-tools-for-stm32.11.3.rel1.linux64_1.1.100.202309141235/tools/bin/../lib/gcc/arm-none-eabi/11.3.1/../../../../arm-none-eabi/lib/thumb/v7e-m+dp/hard/libnosys.a(read.o)
                0x0000000008005b28                _read
 .text._write   0x0000000008005b38       0x10 /opt/st/stm32cubeide_1.14.0/plugins/com.st.stm32cube.ide.mcu.externaltools.gnu-tools-for-stm32.11.3.rel1.linux64_1.1.100.202309141235/tools/bin/../lib/gcc/arm-none-eabi/11.3.1/../../../../arm-none-eabi/lib/thumb/v7e-m+dp/hard/libnosys.a(write.o)
                0x0000000008005b38                _write
 .text._exit    0x0000000008005b48        0x2 /opt/st/stm32cubeide_1.14.0/plugins/com.st.stm32cube.ide.mcu.externaltools.gnu-tools-for-stm32.11.3.rel1.linux64_1.1.100.202309141235/tools/bin/../lib/gcc/arm-none-eabi/11.3.1/../../../../arm-none-eabi/lib/thumb/v7e-m+dp/hard/libnosys.a(_exit.o)
                0x0000000008005b48                _exit
 *(.glue_7)
 .glue_7        0x0000000008005b4a        0x0 linker stubs
 *(.glue_7t)
 .glue_7t       0x0000000008005b4a        0x0 linker stubs
 *(.eh_frame)
 *fill*         0x0000000008005b4a        0x2 
 .eh_frame      0x0000000008005b4c        0x0 /opt/st/stm32cubeide_1.14.0/plugins/com.st.stm32cube.ide.mcu.externaltools.gnu-tools-for-stm32.11.3.rel1.linux64_1.1.100.202309141235/tools/bin/../lib/gcc/arm-none-eabi/11.3.1/thumb/v7e-m+dp/hard/crtbegin.o
 *(.init)
 .init          0x0000000008005b4c        0x4 /opt/st/stm32cubeide_1.14.0/plugins/com.st.stm32cube.ide.mcu.externaltools.gnu-tools-for-stm32.11.3.rel1.linux64_1.1.100.202309141235/tools/bin/../lib/gcc/arm-none-eabi/11.3.1/thumb/v7e-m+dp/hard/crti.o
                0x0000000008005b4c                _init
 .init          0x0000000008005b50        0x8 /opt/st/stm32cubeide_1.14.0/plugins/com.st.stm32cube.ide.mcu.externaltools.gnu-tools-for-stm32.11.3.rel1.linux64_1.1.100.202309141235/tools/bin/../lib/gcc/arm-none-eabi/11.3.1/thumb/v7e-m+dp/hard/crtn.o
 *(.fini)
 .fini          0x0000000008005b58        0x4 /opt/st/stm32cubeide_1.14.0/plugins/com.st.stm32cube.ide.mcu.externaltools.gnu-tools-for-stm32.11.3.rel1.linux64_1.1.100.202309141235/tools/bin/../lib/gcc/arm-none-eabi/11.3.1/thumb/v7e-m+dp/hard/crti.o
                0x0000000008005b58                _fini
 .fini          0x0000000008005b5c        0x8 /opt/st/stm32cubeide_1.14.0/plugins/com.st.stm32cube.ide.mcu.externaltools.gnu-tools-for-stm32.11.3.rel1.linux64_1.1.100.202309141235/tools/bin/../lib/gcc/arm-none-eabi/11.3.1/thumb/v7e-m+dp/hard/crtn.o
                0x0000000008005b64                . = ALIGN (0x4)
                0x0000000008005b64                _etext = .

.vfp11_veneer   0x0000000008005b64        0x0
 .vfp11_veneer  0x0000000008005b64        0x0 linker stubs

.v4_bx          0x0000000008005b64        0x0
 .v4_bx         0x0000000008005b64        0x0 linker stubs

.iplt           0x0000000008005b64        0x0
 .iplt          0x0000000008005b64        0x0 /opt/st/stm32cubeide_1.14.0/plugins/com.st.stm32cube.ide.mcu.externaltools.gnu-tools-for-stm32.11.3.rel1.linux64_1.1.100.202309141235/tools/bin/../lib/gcc/arm-none-eabi/11.3.1/thumb/v7e-m+dp/hard/crtbegin.o

.rodata         0x0000000008005b80    0x3169c
                0x0000000008005b80                . = ALIGN (0x4)
 *(.rodata)
 .rodata        0x0000000008005b80       0x10 ./X-CUBE-AI/App/network_data.o
 *(.rodata*)
 .rodata.D1CorePrescTable
                0x0000000008005b90       0x10 ./Core/Src/system_stm32h7xx.o
                0x0000000008005b90                D1CorePrescTable
 .rodata.MX_X_CUBE_AI_Init.str1.4
                0x0000000008005ba0       0x6e ./X-CUBE-AI/App/app_x-cube-ai.o
 *fill*         0x0000000008005c0e        0x2 
 .rodata.MX_X_CUBE_AI_Process.str1.4
                0x0000000008005c10       0x3f ./X-CUBE-AI/App/app_x-cube-ai.o
 *fill*         0x0000000008005c4f        0x1 
 .rodata.gemm_0_chain
                0x0000000008005c50        0x8 ./X-CUBE-AI/App/network.o
 .rodata.gemm_1_chain
                0x0000000008005c58        0x8 ./X-CUBE-AI/App/network.o
 .rodata.gemm_2_chain
                0x0000000008005c60        0x8 ./X-CUBE-AI/App/network.o
 .rodata.gemm_3_chain
                0x0000000008005c68        0x8 ./X-CUBE-AI/App/network.o
 .rodata.gemm_4_chain
                0x0000000008005c70        0x8 ./X-CUBE-AI/App/network.o
 .rodata.nl_0_nl_chain
                0x0000000008005c78        0x8 ./X-CUBE-AI/App/network.o
 .rodata.nl_1_nl_chain
                0x0000000008005c80        0x8 ./X-CUBE-AI/App/network.o
 .rodata.nl_2_nl_chain
                0x0000000008005c88        0x8 ./X-CUBE-AI/App/network.o
 .rodata.nl_3_nl_chain
                0x0000000008005c90        0x8 ./X-CUBE-AI/App/network.o
 *fill*         0x0000000008005c98        0x8 
 .rodata.s_network_weights_array_u64
                0x0000000008005ca0    0x31208 ./X-CUBE-AI/App/network_data_params.o
                0x0000000008005ca0                s_network_weights_array_u64
 .rodata._printf_float.str1.1
                0x0000000008036ea8       0x12 /opt/st/stm32cubeide_1.14.0/plugins/com.st.stm32cube.ide.mcu.externaltools.gnu-tools-for-stm32.11.3.rel1.linux64_1.1.100.202309141235/tools/bin/../lib/gcc/arm-none-eabi/11.3.1/../../../../arm-none-eabi/lib/thumb/v7e-m+dp/hard/libc_nano.a(libc_a-nano-vfprintf_float.o)
 .rodata._printf_i.str1.1
                0x0000000008036eba       0x22 /opt/st/stm32cubeide_1.14.0/plugins/com.st.stm32cube.ide.mcu.externaltools.gnu-tools-for-stm32.11.3.rel1.linux64_1.1.100.202309141235/tools/bin/../lib/gcc/arm-none-eabi/11.3.1/../../../../arm-none-eabi/lib/thumb/v7e-m+dp/hard/libc_nano.a(libc_a-nano-vfprintf_i.o)
 .rodata._dtoa_r.str1.1
                0x0000000008036edc       0x8d /opt/st/stm32cubeide_1.14.0/plugins/com.st.stm32cube.ide.mcu.externaltools.gnu-tools-for-stm32.11.3.rel1.linux64_1.1.100.202309141235/tools/bin/../lib/gcc/arm-none-eabi/11.3.1/../../../../arm-none-eabi/lib/thumb/v7e-m+dp/hard/libc_nano.a(libc_a-dtoa.o)
                                         0x8f (size before relaxing)
 .rodata._Balloc.str1.1
                0x0000000008036f69       0x59 /opt/st/stm32cubeide_1.14.0/plugins/com.st.stm32cube.ide.mcu.externaltools.gnu-tools-for-stm32.11.3.rel1.linux64_1.1.100.202309141235/tools/bin/../lib/gcc/arm-none-eabi/11.3.1/../../../../arm-none-eabi/lib/thumb/v7e-m+dp/hard/libc_nano.a(libc_a-mprec.o)
                                         0x70 (size before relaxing)
 .rodata.__multadd.str1.1
                0x0000000008036fc2       0x11 /opt/st/stm32cubeide_1.14.0/plugins/com.st.stm32cube.ide.mcu.externaltools.gnu-tools-for-stm32.11.3.rel1.linux64_1.1.100.202309141235/tools/bin/../lib/gcc/arm-none-eabi/11.3.1/../../../../arm-none-eabi/lib/thumb/v7e-m+dp/hard/libc_nano.a(libc_a-mprec.o)
 *fill*         0x0000000008036fc2        0x6 
 .rodata.__mprec_bigtens
                0x0000000008036fc8       0x28 /opt/st/stm32cubeide_1.14.0/plugins/com.st.stm32cube.ide.mcu.externaltools.gnu-tools-for-stm32.11.3.rel1.linux64_1.1.100.202309141235/tools/bin/../lib/gcc/arm-none-eabi/11.3.1/../../../../arm-none-eabi/lib/thumb/v7e-m+dp/hard/libc_nano.a(libc_a-mprec.o)
                0x0000000008036fc8                __mprec_bigtens
 .rodata.__mprec_tens
                0x0000000008036ff0       0xc8 /opt/st/stm32cubeide_1.14.0/plugins/com.st.stm32cube.ide.mcu.externaltools.gnu-tools-for-stm32.11.3.rel1.linux64_1.1.100.202309141235/tools/bin/../lib/gcc/arm-none-eabi/11.3.1/../../../../arm-none-eabi/lib/thumb/v7e-m+dp/hard/libc_nano.a(libc_a-mprec.o)
                0x0000000008036ff0                __mprec_tens
 .rodata.p05.0  0x00000000080370b8        0xc /opt/st/stm32cubeide_1.14.0/plugins/com.st.stm32cube.ide.mcu.externaltools.gnu-tools-for-stm32.11.3.rel1.linux64_1.1.100.202309141235/tools/bin/../lib/gcc/arm-none-eabi/11.3.1/../../../../arm-none-eabi/lib/thumb/v7e-m+dp/hard/libc_nano.a(libc_a-mprec.o)
 .rodata._vfprintf_r.str1.1
                0x00000000080370c4       0x11 /opt/st/stm32cubeide_1.14.0/plugins/com.st.stm32cube.ide.mcu.externaltools.gnu-tools-for-stm32.11.3.rel1.linux64_1.1.100.202309141235/tools/bin/../lib/gcc/arm-none-eabi/11.3.1/../../../../arm-none-eabi/lib/thumb/v7e-m+dp/hard/libc_nano.a(libc_a-nano-vfprintf.o)
 .rodata._setlocale_r.str1.1
                0x00000000080370d5        0x8 /opt/st/stm32cubeide_1.14.0/plugins/com.st.stm32cube.ide.mcu.externaltools.gnu-tools-for-stm32.11.3.rel1.linux64_1.1.100.202309141235/tools/bin/../lib/gcc/arm-none-eabi/11.3.1/../../../../arm-none-eabi/lib/thumb/v7e-m+dp/hard/libc_nano.a(libc_a-locale.o)
                                          0x9 (size before relaxing)
 .rodata.str1.1
                0x00000000080370dd        0x2 /opt/st/stm32cubeide_1.14.0/plugins/com.st.stm32cube.ide.mcu.externaltools.gnu-tools-for-stm32.11.3.rel1.linux64_1.1.100.202309141235/tools/bin/../lib/gcc/arm-none-eabi/11.3.1/../../../../arm-none-eabi/lib/thumb/v7e-m+dp/hard/libc_nano.a(libc_a-locale.o)
 .rodata.__assert_func.str1.1
                0x00000000080370df       0x3c /opt/st/stm32cubeide_1.14.0/plugins/com.st.stm32cube.ide.mcu.externaltools.gnu-tools-for-stm32.11.3.rel1.linux64_1.1.100.202309141235/tools/bin/../lib/gcc/arm-none-eabi/11.3.1/../../../../arm-none-eabi/lib/thumb/v7e-m+dp/hard/libc_nano.a(libc_a-assert.o)
                                         0x3d (size before relaxing)
 .rodata._ctype_
                0x000000000803711b      0x101 /opt/st/stm32cubeide_1.14.0/plugins/com.st.stm32cube.ide.mcu.externaltools.gnu-tools-for-stm32.11.3.rel1.linux64_1.1.100.202309141235/tools/bin/../lib/gcc/arm-none-eabi/11.3.1/../../../../arm-none-eabi/lib/thumb/v7e-m+dp/hard/libc_nano.a(libc_a-ctype_.o)
                0x000000000803711b                _ctype_
                0x000000000803721c                . = ALIGN (0x4)

.rel.dyn        0x000000000803721c        0x0
 .rel.iplt      0x000000000803721c        0x0 /opt/st/stm32cubeide_1.14.0/plugins/com.st.stm32cube.ide.mcu.externaltools.gnu-tools-for-stm32.11.3.rel1.linux64_1.1.100.202309141235/tools/bin/../lib/gcc/arm-none-eabi/11.3.1/thumb/v7e-m+dp/hard/crtbegin.o

.ARM.extab
 *(.ARM.extab* .gnu.linkonce.armextab.*)

.ARM            0x000000000803721c        0x0
                0x000000000803721c                __exidx_start = .
 *(.ARM.exidx*)
                0x000000000803721c                __exidx_end = .

.preinit_array  0x000000000803721c        0x0
                0x000000000803721c                PROVIDE (__preinit_array_start = .)
 *(.preinit_array*)
                0x000000000803721c                PROVIDE (__preinit_array_end = .)

.init_array     0x000000000803721c        0x4
                0x000000000803721c                PROVIDE (__init_array_start = .)
 *(SORT_BY_NAME(.init_array.*))
 *(.init_array*)
 .init_array    0x000000000803721c        0x4 /opt/st/stm32cubeide_1.14.0/plugins/com.st.stm32cube.ide.mcu.externaltools.gnu-tools-for-stm32.11.3.rel1.linux64_1.1.100.202309141235/tools/bin/../lib/gcc/arm-none-eabi/11.3.1/thumb/v7e-m+dp/hard/crtbegin.o
                0x0000000008037220                PROVIDE (__init_array_end = .)

.fini_array     0x0000000008037220        0x4
                [!provide]                        PROVIDE (__fini_array_start = .)
 *(SORT_BY_NAME(.fini_array.*))
 *(.fini_array*)
 .fini_array    0x0000000008037220        0x4 /opt/st/stm32cubeide_1.14.0/plugins/com.st.stm32cube.ide.mcu.externaltools.gnu-tools-for-stm32.11.3.rel1.linux64_1.1.100.202309141235/tools/bin/../lib/gcc/arm-none-eabi/11.3.1/thumb/v7e-m+dp/hard/crtbegin.o
                [!provide]                        PROVIDE (__fini_array_end = .)
                0x0000000008037224                _sidata = LOADADDR (.data)

.data           0x0000000024000000      0xc68 load address 0x0000000008037224
                0x0000000024000000                . = ALIGN (0x4)
                0x0000000024000000                _sdata = .
 *(.data)
 *(.data*)
 .data.SystemCoreClock
                0x0000000024000000        0x4 ./Core/Src/system_stm32h7xx.o
                0x0000000024000000                SystemCoreClock
 .data.SystemD2Clock
                0x0000000024000004        0x4 ./Core/Src/system_stm32h7xx.o
                0x0000000024000004                SystemD2Clock
 .data.uwTickFreq
                0x0000000024000008        0x1 ./Drivers/STM32H7xx_HAL_Driver/Src/stm32h7xx_hal.o
                0x0000000024000008                uwTickFreq
 *fill*         0x0000000024000009        0x3 
 .data.uwTickPrio
                0x000000002400000c        0x4 ./Drivers/STM32H7xx_HAL_Driver/Src/stm32h7xx_hal.o
                0x000000002400000c                uwTickPrio
 .data.data_activations0
                0x0000000024000010        0x4 ./X-CUBE-AI/App/app_x-cube-ai.o
                0x0000000024000010                data_activations0
 .data.__compound_literal.0
                0x0000000024000014       0x10 ./X-CUBE-AI/App/network.o
 .data.__compound_literal.1
                0x0000000024000024       0x10 ./X-CUBE-AI/App/network.o
 .data.__compound_literal.10
                0x0000000024000034       0x10 ./X-CUBE-AI/App/network.o
 .data.__compound_literal.11
                0x0000000024000044       0x10 ./X-CUBE-AI/App/network.o
 .data.__compound_literal.12
                0x0000000024000054       0x10 ./X-CUBE-AI/App/network.o
 .data.__compound_literal.13
                0x0000000024000064       0x10 ./X-CUBE-AI/App/network.o
 .data.__compound_literal.14
                0x0000000024000074       0x10 ./X-CUBE-AI/App/network.o
 .data.__compound_literal.15
                0x0000000024000084       0x10 ./X-CUBE-AI/App/network.o
 .data.__compound_literal.16
                0x0000000024000094       0x10 ./X-CUBE-AI/App/network.o
 .data.__compound_literal.17
                0x00000000240000a4       0x10 ./X-CUBE-AI/App/network.o
 .data.__compound_literal.18
                0x00000000240000b4       0x10 ./X-CUBE-AI/App/network.o
 .data.__compound_literal.19
                0x00000000240000c4       0x10 ./X-CUBE-AI/App/network.o
 .data.__compound_literal.2
                0x00000000240000d4       0x10 ./X-CUBE-AI/App/network.o
 .data.__compound_literal.20
                0x00000000240000e4       0x10 ./X-CUBE-AI/App/network.o
 .data.__compound_literal.21
                0x00000000240000f4       0x10 ./X-CUBE-AI/App/network.o
 .data.__compound_literal.22
                0x0000000024000104       0x10 ./X-CUBE-AI/App/network.o
 .data.__compound_literal.23
                0x0000000024000114       0x10 ./X-CUBE-AI/App/network.o
 .data.__compound_literal.24
                0x0000000024000124       0x10 ./X-CUBE-AI/App/network.o
 .data.__compound_literal.25
                0x0000000024000134       0x10 ./X-CUBE-AI/App/network.o
 .data.__compound_literal.26
                0x0000000024000144       0x10 ./X-CUBE-AI/App/network.o
 .data.__compound_literal.27
                0x0000000024000154       0x10 ./X-CUBE-AI/App/network.o
 .data.__compound_literal.28
                0x0000000024000164       0x10 ./X-CUBE-AI/App/network.o
 .data.__compound_literal.29
                0x0000000024000174       0x10 ./X-CUBE-AI/App/network.o
 .data.__compound_literal.3
                0x0000000024000184       0x10 ./X-CUBE-AI/App/network.o
 .data.__compound_literal.30
                0x0000000024000194       0x10 ./X-CUBE-AI/App/network.o
 .data.__compound_literal.31
                0x00000000240001a4       0x10 ./X-CUBE-AI/App/network.o
 .data.__compound_literal.32
                0x00000000240001b4       0x10 ./X-CUBE-AI/App/network.o
 .data.__compound_literal.33
                0x00000000240001c4       0x10 ./X-CUBE-AI/App/network.o
 .data.__compound_literal.34
                0x00000000240001d4       0x10 ./X-CUBE-AI/App/network.o
 .data.__compound_literal.35
                0x00000000240001e4       0x10 ./X-CUBE-AI/App/network.o
 .data.__compound_literal.36
                0x00000000240001f4       0x10 ./X-CUBE-AI/App/network.o
 .data.__compound_literal.37
                0x0000000024000204       0x10 ./X-CUBE-AI/App/network.o
 .data.__compound_literal.38
                0x0000000024000214       0x10 ./X-CUBE-AI/App/network.o
 .data.__compound_literal.39
                0x0000000024000224       0x10 ./X-CUBE-AI/App/network.o
 .data.__compound_literal.4
                0x0000000024000234       0x10 ./X-CUBE-AI/App/network.o
 .data.__compound_literal.40
                0x0000000024000244        0x4 ./X-CUBE-AI/App/network.o
 .data.__compound_literal.41
                0x0000000024000248        0x4 ./X-CUBE-AI/App/network.o
 .data.__compound_literal.42
                0x000000002400024c        0x8 ./X-CUBE-AI/App/network.o
 .data.__compound_literal.44
                0x0000000024000254       0x30 ./X-CUBE-AI/App/network.o
 .data.__compound_literal.45
                0x0000000024000284        0x4 ./X-CUBE-AI/App/network.o
 .data.__compound_literal.46
                0x0000000024000288        0x4 ./X-CUBE-AI/App/network.o
 .data.__compound_literal.49
                0x000000002400028c       0x30 ./X-CUBE-AI/App/network.o
 .data.__compound_literal.5
                0x00000000240002bc       0x10 ./X-CUBE-AI/App/network.o
 .data.__compound_literal.50
                0x00000000240002cc        0x4 ./X-CUBE-AI/App/network.o
 .data.__compound_literal.51
                0x00000000240002d0        0x4 ./X-CUBE-AI/App/network.o
 .data.__compound_literal.52
                0x00000000240002d4        0x8 ./X-CUBE-AI/App/network.o
 .data.__compound_literal.54
                0x00000000240002dc       0x30 ./X-CUBE-AI/App/network.o
 .data.__compound_literal.55
                0x000000002400030c        0x4 ./X-CUBE-AI/App/network.o
 .data.__compound_literal.56
                0x0000000024000310        0x4 ./X-CUBE-AI/App/network.o
 .data.__compound_literal.59
                0x0000000024000314       0x30 ./X-CUBE-AI/App/network.o
 .data.__compound_literal.6
                0x0000000024000344       0x10 ./X-CUBE-AI/App/network.o
 .data.__compound_literal.60
                0x0000000024000354        0x4 ./X-CUBE-AI/App/network.o
 .data.__compound_literal.61
                0x0000000024000358        0x4 ./X-CUBE-AI/App/network.o
 .data.__compound_literal.62
                0x000000002400035c        0x8 ./X-CUBE-AI/App/network.o
 .data.__compound_literal.64
                0x0000000024000364       0x30 ./X-CUBE-AI/App/network.o
 .data.__compound_literal.65
                0x0000000024000394        0x4 ./X-CUBE-AI/App/network.o
 .data.__compound_literal.66
                0x0000000024000398        0x4 ./X-CUBE-AI/App/network.o
 .data.__compound_literal.69
                0x000000002400039c       0x30 ./X-CUBE-AI/App/network.o
 .data.__compound_literal.7
                0x00000000240003cc       0x10 ./X-CUBE-AI/App/network.o
 .data.__compound_literal.70
                0x00000000240003dc        0x4 ./X-CUBE-AI/App/network.o
 .data.__compound_literal.71
                0x00000000240003e0        0x4 ./X-CUBE-AI/App/network.o
 .data.__compound_literal.72
                0x00000000240003e4        0x8 ./X-CUBE-AI/App/network.o
 .data.__compound_literal.74
                0x00000000240003ec       0x30 ./X-CUBE-AI/App/network.o
 .data.__compound_literal.75
                0x000000002400041c        0x4 ./X-CUBE-AI/App/network.o
 .data.__compound_literal.76
                0x0000000024000420        0x4 ./X-CUBE-AI/App/network.o
 .data.__compound_literal.79
                0x0000000024000424       0x30 ./X-CUBE-AI/App/network.o
 .data.__compound_literal.8
                0x0000000024000454       0x10 ./X-CUBE-AI/App/network.o
 .data.__compound_literal.80
                0x0000000024000464        0x4 ./X-CUBE-AI/App/network.o
 .data.__compound_literal.81
                0x0000000024000468        0x4 ./X-CUBE-AI/App/network.o
 .data.__compound_literal.82
                0x000000002400046c        0x8 ./X-CUBE-AI/App/network.o
 .data.__compound_literal.84
                0x0000000024000474       0x30 ./X-CUBE-AI/App/network.o
 .data.__compound_literal.85
                0x00000000240004a4       0x10 ./X-CUBE-AI/App/network.o
 .data.__compound_literal.86
                0x00000000240004b4       0x1c ./X-CUBE-AI/App/network.o
 .data.__compound_literal.87
                0x00000000240004d0       0x10 ./X-CUBE-AI/App/network.o
 .data.__compound_literal.88
                0x00000000240004e0       0x1c ./X-CUBE-AI/App/network.o
 .data.__compound_literal.89
                0x00000000240004fc        0x4 ./X-CUBE-AI/App/network.o
 .data.__compound_literal.9
                0x0000000024000500       0x10 ./X-CUBE-AI/App/network.o
 .data.__compound_literal.93
                0x0000000024000510        0xc ./X-CUBE-AI/App/network.o
 .data.__compound_literal.94
                0x000000002400051c        0x4 ./X-CUBE-AI/App/network.o
 .data.__compound_literal.98
                0x0000000024000520        0xc ./X-CUBE-AI/App/network.o
 .data.__compound_literal.99
                0x000000002400052c       0x18 ./X-CUBE-AI/App/network.o
 .data.g_network
                0x0000000024000544       0x4c ./X-CUBE-AI/App/network.o
 .data.gemm_0_bias
                0x0000000024000590       0x1c ./X-CUBE-AI/App/network.o
 *fill*         0x00000000240005ac        0x4 
 .data.gemm_0_bias_array
                0x00000000240005b0       0x10 ./X-CUBE-AI/App/network.o
 .data.gemm_0_layer
                0x00000000240005c0       0x1c ./X-CUBE-AI/App/network.o
 .data.gemm_0_output
                0x00000000240005dc       0x1c ./X-CUBE-AI/App/network.o
 .data.gemm_0_output_array
                0x00000000240005f8       0x10 ./X-CUBE-AI/App/network.o
 .data.gemm_0_weights
                0x0000000024000608       0x1c ./X-CUBE-AI/App/network.o
 *fill*         0x0000000024000624        0x4 
 .data.gemm_0_weights_array
                0x0000000024000628       0x10 ./X-CUBE-AI/App/network.o
 .data.gemm_1_bias
                0x0000000024000638       0x1c ./X-CUBE-AI/App/network.o
 *fill*         0x0000000024000654        0x4 
 .data.gemm_1_bias_array
                0x0000000024000658       0x10 ./X-CUBE-AI/App/network.o
 .data.gemm_1_layer
                0x0000000024000668       0x1c ./X-CUBE-AI/App/network.o
 .data.gemm_1_output
                0x0000000024000684       0x1c ./X-CUBE-AI/App/network.o
 .data.gemm_1_output_array
                0x00000000240006a0       0x10 ./X-CUBE-AI/App/network.o
 .data.gemm_1_weights
                0x00000000240006b0       0x1c ./X-CUBE-AI/App/network.o
 *fill*         0x00000000240006cc        0x4 
 .data.gemm_1_weights_array
                0x00000000240006d0       0x10 ./X-CUBE-AI/App/network.o
 .data.gemm_2_bias
                0x00000000240006e0       0x1c ./X-CUBE-AI/App/network.o
 *fill*         0x00000000240006fc        0x4 
 .data.gemm_2_bias_array
                0x0000000024000700       0x10 ./X-CUBE-AI/App/network.o
 .data.gemm_2_layer
                0x0000000024000710       0x1c ./X-CUBE-AI/App/network.o
 .data.gemm_2_output
                0x000000002400072c       0x1c ./X-CUBE-AI/App/network.o
 .data.gemm_2_output_array
                0x0000000024000748       0x10 ./X-CUBE-AI/App/network.o
 .data.gemm_2_weights
                0x0000000024000758       0x1c ./X-CUBE-AI/App/network.o
 *fill*         0x0000000024000774        0x4 
 .data.gemm_2_weights_array
                0x0000000024000778       0x10 ./X-CUBE-AI/App/network.o
 .data.gemm_3_bias
                0x0000000024000788       0x1c ./X-CUBE-AI/App/network.o
 *fill*         0x00000000240007a4        0x4 
 .data.gemm_3_bias_array
                0x00000000240007a8       0x10 ./X-CUBE-AI/App/network.o
 .data.gemm_3_layer
                0x00000000240007b8       0x1c ./X-CUBE-AI/App/network.o
 .data.gemm_3_output
                0x00000000240007d4       0x1c ./X-CUBE-AI/App/network.o
 .data.gemm_3_output_array
                0x00000000240007f0       0x10 ./X-CUBE-AI/App/network.o
 .data.gemm_3_weights
                0x0000000024000800       0x1c ./X-CUBE-AI/App/network.o
 *fill*         0x000000002400081c        0x4 
 .data.gemm_3_weights_array
                0x0000000024000820       0x10 ./X-CUBE-AI/App/network.o
 .data.gemm_4_bias
                0x0000000024000830       0x1c ./X-CUBE-AI/App/network.o
 *fill*         0x000000002400084c        0x4 
 .data.gemm_4_bias_array
                0x0000000024000850       0x10 ./X-CUBE-AI/App/network.o
 .data.gemm_4_layer
                0x0000000024000860       0x1c ./X-CUBE-AI/App/network.o
 .data.gemm_4_output
                0x000000002400087c       0x1c ./X-CUBE-AI/App/network.o
 .data.gemm_4_output_array
                0x0000000024000898       0x10 ./X-CUBE-AI/App/network.o
 .data.gemm_4_weights
                0x00000000240008a8       0x1c ./X-CUBE-AI/App/network.o
 *fill*         0x00000000240008c4        0x4 
 .data.gemm_4_weights_array
                0x00000000240008c8       0x10 ./X-CUBE-AI/App/network.o
 .data.nl_0_nl_layer
                0x00000000240008d8       0x20 ./X-CUBE-AI/App/network.o
 .data.nl_0_nl_output
                0x00000000240008f8       0x1c ./X-CUBE-AI/App/network.o
 *fill*         0x0000000024000914        0x4 
 .data.nl_0_nl_output_array
                0x0000000024000918       0x10 ./X-CUBE-AI/App/network.o
 .data.nl_1_nl_layer
                0x0000000024000928       0x20 ./X-CUBE-AI/App/network.o
 .data.nl_1_nl_output
                0x0000000024000948       0x1c ./X-CUBE-AI/App/network.o
 *fill*         0x0000000024000964        0x4 
 .data.nl_1_nl_output_array
                0x0000000024000968       0x10 ./X-CUBE-AI/App/network.o
 .data.nl_2_nl_layer
                0x0000000024000978       0x20 ./X-CUBE-AI/App/network.o
 .data.nl_2_nl_output
                0x0000000024000998       0x1c ./X-CUBE-AI/App/network.o
 *fill*         0x00000000240009b4        0x4 
 .data.nl_2_nl_output_array
                0x00000000240009b8       0x10 ./X-CUBE-AI/App/network.o
 .data.nl_3_nl_layer
                0x00000000240009c8       0x20 ./X-CUBE-AI/App/network.o
 .data.nl_3_nl_output
                0x00000000240009e8       0x1c ./X-CUBE-AI/App/network.o
 *fill*         0x0000000024000a04        0x4 
 .data.nl_3_nl_output_array
                0x0000000024000a08       0x10 ./X-CUBE-AI/App/network.o
 .data.serving_default_input_layer_280_output
                0x0000000024000a18       0x1c ./X-CUBE-AI/App/network.o
 *fill*         0x0000000024000a34        0x4 
 .data.serving_default_input_layer_280_output_array
                0x0000000024000a38       0x10 ./X-CUBE-AI/App/network.o
 .data.__compound_literal.0
                0x0000000024000a48       0x10 ./X-CUBE-AI/App/network_data.o
 .data.__compound_literal.1
                0x0000000024000a58       0x10 ./X-CUBE-AI/App/network_data.o
 .data.g_network_data_map_activations
                0x0000000024000a68       0x1c ./X-CUBE-AI/App/network_data.o
                0x0000000024000a68                g_network_data_map_activations
 .data.g_network_data_map_weights
                0x0000000024000a84       0x1c ./X-CUBE-AI/App/network_data.o
                0x0000000024000a84                g_network_data_map_weights
 .data.__sglue  0x0000000024000aa0        0xc /opt/st/stm32cubeide_1.14.0/plugins/com.st.stm32cube.ide.mcu.externaltools.gnu-tools-for-stm32.11.3.rel1.linux64_1.1.100.202309141235/tools/bin/../lib/gcc/arm-none-eabi/11.3.1/../../../../arm-none-eabi/lib/thumb/v7e-m+dp/hard/libc_nano.a(libc_a-findfp.o)
                0x0000000024000aa0                __sglue
 .data._impure_data
                0x0000000024000aac       0x4c /opt/st/stm32cubeide_1.14.0/plugins/com.st.stm32cube.ide.mcu.externaltools.gnu-tools-for-stm32.11.3.rel1.linux64_1.1.100.202309141235/tools/bin/../lib/gcc/arm-none-eabi/11.3.1/../../../../arm-none-eabi/lib/thumb/v7e-m+dp/hard/libc_nano.a(libc_a-impure.o)
                0x0000000024000aac                _impure_data
 .data._impure_ptr
                0x0000000024000af8        0x4 /opt/st/stm32cubeide_1.14.0/plugins/com.st.stm32cube.ide.mcu.externaltools.gnu-tools-for-stm32.11.3.rel1.linux64_1.1.100.202309141235/tools/bin/../lib/gcc/arm-none-eabi/11.3.1/../../../../arm-none-eabi/lib/thumb/v7e-m+dp/hard/libc_nano.a(libc_a-impure.o)
                0x0000000024000af8                _impure_ptr
 .data.__global_locale
                0x0000000024000afc      0x16c /opt/st/stm32cubeide_1.14.0/plugins/com.st.stm32cube.ide.mcu.externaltools.gnu-tools-for-stm32.11.3.rel1.linux64_1.1.100.202309141235/tools/bin/../lib/gcc/arm-none-eabi/11.3.1/../../../../arm-none-eabi/lib/thumb/v7e-m+dp/hard/libc_nano.a(libc_a-locale.o)
                0x0000000024000afc                __global_locale
 *(.RamFunc)
 *(.RamFunc*)
                0x0000000024000c68                . = ALIGN (0x4)
                0x0000000024000c68                _edata = .

.igot.plt       0x0000000024000c68        0x0 load address 0x0000000008037e8c
 .igot.plt      0x0000000024000c68        0x0 /opt/st/stm32cubeide_1.14.0/plugins/com.st.stm32cube.ide.mcu.externaltools.gnu-tools-for-stm32.11.3.rel1.linux64_1.1.100.202309141235/tools/bin/../lib/gcc/arm-none-eabi/11.3.1/thumb/v7e-m+dp/hard/crtbegin.o
                0x0000000024000c68                . = ALIGN (0x4)

.bss            0x0000000024000c80      0x630 load address 0x0000000008037e8c
                0x0000000024000c80                _sbss = .
                0x0000000024000c80                __bss_start__ = _sbss
 *(.bss)
 .bss           0x0000000024000c80       0x1c /opt/st/stm32cubeide_1.14.0/plugins/com.st.stm32cube.ide.mcu.externaltools.gnu-tools-for-stm32.11.3.rel1.linux64_1.1.100.202309141235/tools/bin/../lib/gcc/arm-none-eabi/11.3.1/thumb/v7e-m+dp/hard/crtbegin.o
 *(.bss*)
 .bss.__sbrk_heap_end
                0x0000000024000c9c        0x4 ./Core/Src/sysmem.o
 .bss.uwTick    0x0000000024000ca0        0x4 ./Drivers/STM32H7xx_HAL_Driver/Src/stm32h7xx_hal.o
                0x0000000024000ca0                uwTick
 .bss.ai_input  0x0000000024000ca4        0x4 ./X-CUBE-AI/App/app_x-cube-ai.o
 .bss.ai_output
                0x0000000024000ca8        0x4 ./X-CUBE-AI/App/app_x-cube-ai.o
 .bss.data_ins  0x0000000024000cac        0x4 ./X-CUBE-AI/App/app_x-cube-ai.o
                0x0000000024000cac                data_ins
 .bss.data_outs
                0x0000000024000cb0        0x4 ./X-CUBE-AI/App/app_x-cube-ai.o
                0x0000000024000cb0                data_outs
 .bss.network   0x0000000024000cb4        0x4 ./X-CUBE-AI/App/app_x-cube-ai.o
 *fill*         0x0000000024000cb8        0x8 
 .bss.pool0     0x0000000024000cc0      0x400 ./X-CUBE-AI/App/app_x-cube-ai.o
 .bss.__compound_literal.43
                0x00000000240010c0        0x4 ./X-CUBE-AI/App/network.o
 .bss.__compound_literal.47
                0x00000000240010c4        0x4 ./X-CUBE-AI/App/network.o
 .bss.__compound_literal.48
                0x00000000240010c8        0x4 ./X-CUBE-AI/App/network.o
 .bss.__compound_literal.53
                0x00000000240010cc        0x4 ./X-CUBE-AI/App/network.o
 .bss.__compound_literal.57
                0x00000000240010d0        0x4 ./X-CUBE-AI/App/network.o
 .bss.__compound_literal.58
                0x00000000240010d4        0x4 ./X-CUBE-AI/App/network.o
 .bss.__compound_literal.63
                0x00000000240010d8        0x4 ./X-CUBE-AI/App/network.o
 .bss.__compound_literal.67
                0x00000000240010dc        0x4 ./X-CUBE-AI/App/network.o
 .bss.__compound_literal.68
                0x00000000240010e0        0x4 ./X-CUBE-AI/App/network.o
 .bss.__compound_literal.73
                0x00000000240010e4        0x4 ./X-CUBE-AI/App/network.o
 .bss.__compound_literal.77
                0x00000000240010e8        0x4 ./X-CUBE-AI/App/network.o
 .bss.__compound_literal.78
                0x00000000240010ec        0x4 ./X-CUBE-AI/App/network.o
 .bss.__compound_literal.83
                0x00000000240010f0        0x4 ./X-CUBE-AI/App/network.o
 .bss.__compound_literal.90
                0x00000000240010f4       0x1c ./X-CUBE-AI/App/network.o
 .bss.__compound_literal.91
                0x0000000024001110       0x10 ./X-CUBE-AI/App/network.o
 .bss.__compound_literal.92
                0x0000000024001120        0x8 ./X-CUBE-AI/App/network.o
 .bss.__compound_literal.95
                0x0000000024001128       0x1c ./X-CUBE-AI/App/network.o
 .bss.__compound_literal.96
                0x0000000024001144       0x10 ./X-CUBE-AI/App/network.o
 .bss.__compound_literal.97
                0x0000000024001154        0x8 ./X-CUBE-AI/App/network.o
 .bss.g_network_activations_map
                0x000000002400115c        0x4 ./X-CUBE-AI/App/network.o
 .bss.g_network_weights_map
                0x0000000024001160        0x4 ./X-CUBE-AI/App/network.o
 .bss.__malloc_free_list
                0x0000000024001164        0x4 /opt/st/stm32cubeide_1.14.0/plugins/com.st.stm32cube.ide.mcu.externaltools.gnu-tools-for-stm32.11.3.rel1.linux64_1.1.100.202309141235/tools/bin/../lib/gcc/arm-none-eabi/11.3.1/../../../../arm-none-eabi/lib/thumb/v7e-m+dp/hard/libc_nano.a(libc_a-mallocr.o)
                0x0000000024001164                __malloc_free_list
 .bss.__malloc_sbrk_start
                0x0000000024001168        0x4 /opt/st/stm32cubeide_1.14.0/plugins/com.st.stm32cube.ide.mcu.externaltools.gnu-tools-for-stm32.11.3.rel1.linux64_1.1.100.202309141235/tools/bin/../lib/gcc/arm-none-eabi/11.3.1/../../../../arm-none-eabi/lib/thumb/v7e-m+dp/hard/libc_nano.a(libc_a-mallocr.o)
                0x0000000024001168                __malloc_sbrk_start
 .bss.__sf      0x000000002400116c      0x138 /opt/st/stm32cubeide_1.14.0/plugins/com.st.stm32cube.ide.mcu.externaltools.gnu-tools-for-stm32.11.3.rel1.linux64_1.1.100.202309141235/tools/bin/../lib/gcc/arm-none-eabi/11.3.1/../../../../arm-none-eabi/lib/thumb/v7e-m+dp/hard/libc_nano.a(libc_a-findfp.o)
                0x000000002400116c                __sf
 .bss.__stdio_exit_handler